2026-07-02 15:16:06 [INFO] SHP 로드 중: emd.zip
2026-07-02 15:16:06 [INFO]   사용할 shp: emd.shp
2026-07-02 15:17:32 [INFO] SHP 로드 중: emd.zip
2026-07-02 15:17:32 [INFO]   사용할 shp: emd.shp
2026-07-02 15:17:32 [INFO]   압축 해제 경로: C:\Users\ZZINNY~1\AppData\Local\Temp\emd_shp_cjblr00x\emd.shp
2026-07-02 15:17:33 [INFO]   폴리곤 수: 5,067  /  CRS → 4326
2026-07-02 15:17:33 [INFO] 매칭 대상 행 수: 806,856
2026-07-02 15:17:34 [INFO] 청크    1 완료 | 처리:  5,000행 | 매칭 성공:  4,594 / 실패:   406 | 누적:      5,000/806,856 | 경과:     1.73초
2026-07-02 15:17:34 [INFO] 청크    2 완료 | 처리:  5,000행 | 매칭 성공:  4,593 / 실패:   407 | 누적:     10,000/806,856 | 경과:     2.08초
2026-07-02 15:17:34 [INFO] 청크    3 완료 | 처리:  5,000행 | 매칭 성공:  4,573 / 실패:   427 | 누적:     15,000/806,856 | 경과:     2.43초
2026-07-02 15:17:35 [INFO] 청크    4 완료 | 처리:  5,000행 | 매칭 성공:  4,597 / 실패:   403 | 누적:     20,000/806,856 | 경과:     2.77초
2026-07-02 15:17:35 [INFO] 청크    5 완료 | 처리:  5,000행 | 매칭 성공:  4,555 / 실패:   445 | 누적:     25,000/806,856 | 경과:     3.12초
2026-07-02 15:17:35 [INFO] 청크    6 완료 | 처리:  5,000행 | 매칭 성공:  4,581 / 실패:   419 | 누적:     30,000/806,856 | 경과:     3.46초
2026-07-02 15:17:36 [INFO] 청크    7 완료 | 처리:  5,000행 | 매칭 성공:  4,553 / 실패:   447 | 누적:     35,000/806,856 | 경과:     3.82초
2026-07-02 15:17:36 [INFO] 청크    8 완료 | 처리:  5,000행 | 매칭 성공:  4,589 / 실패:   411 | 누적:     40,000/806,856 | 경과:     4.17초
2026-07-02 15:17:36 [INFO] 청크    9 완료 | 처리:  5,000행 | 매칭 성공:  4,535 / 실패:   465 | 누적:     45,000/806,856 | 경과:     4.51초
2026-07-02 15:17:37 [INFO] 청크   10 완료 | 처리:  5,000행 | 매칭 성공:  4,596 / 실패:   404 | 누적:     50,000/806,856 | 경과:     4.86초
2026-07-02 15:17:37 [INFO] 청크   11 완료 | 처리:  5,000행 | 매칭 성공:  4,653 / 실패:   347 | 누적:     55,000/806,856 | 경과:     5.20초
2026-07-02 15:17:37 [INFO] 청크   12 완료 | 처리:  5,000행 | 매칭 성공:  4,684 / 실패:   316 | 누적:     60,000/806,856 | 경과:     5.58초
2026-07-02 15:17:38 [INFO] 청크   13 완료 | 처리:  5,000행 | 매칭 성공:  4,644 / 실패:   356 | 누적:     65,000/806,856 | 경과:     5.92초
2026-07-02 15:17:38 [INFO] 청크   14 완료 | 처리:  5,000행 | 매칭 성공:  4,642 / 실패:   358 | 누적:     70,000/806,856 | 경과:     6.29초
2026-07-02 15:17:39 [INFO] 청크   15 완료 | 처리:  5,000행 | 매칭 성공:  4,640 / 실패:   360 | 누적:     75,000/806,856 | 경과:     6.65초
2026-07-02 15:17:39 [INFO] 청크   16 완료 | 처리:  5,000행 | 매칭 성공:  4,674 / 실패:   326 | 누적:     80,000/806,856 | 경과:     6.99초
2026-07-02 15:17:39 [INFO] 청크   17 완료 | 처리:  5,000행 | 매칭 성공:  4,639 / 실패:   361 | 누적:     85,000/806,856 | 경과:     7.34초
2026-07-02 15:17:40 [INFO] 청크   18 완료 | 처리:  5,000행 | 매칭 성공:  4,633 / 실패:   367 | 누적:     90,000/806,856 | 경과:     7.70초
2026-07-02 15:17:40 [INFO] 청크   19 완료 | 처리:  5,000행 | 매칭 성공:  4,682 / 실패:   318 | 누적:     95,000/806,856 | 경과:     8.05초
2026-07-02 15:17:40 [INFO] 청크   20 완료 | 처리:  5,000행 | 매칭 성공:  4,682 / 실패:   318 | 누적:    100,000/806,856 | 경과:     8.40초
2026-07-02 15:17:41 [INFO] 청크   21 완료 | 처리:  5,000행 | 매칭 성공:  4,657 / 실패:   343 | 누적:    105,000/806,856 | 경과:     8.77초
2026-07-02 15:17:41 [INFO] 청크   22 완료 | 처리:  5,000행 | 매칭 성공:  4,665 / 실패:   335 | 누적:    110,000/806,856 | 경과:     9.15초
2026-07-02 15:17:41 [INFO] 청크   23 완료 | 처리:  5,000행 | 매칭 성공:  4,645 / 실패:   355 | 누적:    115,000/806,856 | 경과:     9.51초
2026-07-02 15:17:42 [INFO] 청크   24 완료 | 처리:  5,000행 | 매칭 성공:  4,653 / 실패:   347 | 누적:    120,000/806,856 | 경과:     9.86초
2026-07-02 15:17:42 [INFO] 청크   25 완료 | 처리:  5,000행 | 매칭 성공:  4,665 / 실패:   335 | 누적:    125,000/806,856 | 경과:    10.22초
2026-07-02 15:17:42 [INFO] 청크   26 완료 | 처리:  5,000행 | 매칭 성공:  4,635 / 실패:   365 | 누적:    130,000/806,856 | 경과:    10.61초
2026-07-02 15:17:43 [INFO] 청크   27 완료 | 처리:  5,000행 | 매칭 성공:  4,694 / 실패:   306 | 누적:    135,000/806,856 | 경과:    10.98초
2026-07-02 15:17:43 [INFO] 청크   28 완료 | 처리:  5,000행 | 매칭 성공:  4,671 / 실패:   329 | 누적:    140,000/806,856 | 경과:    11.35초
2026-07-02 15:17:44 [INFO] 청크   29 완료 | 처리:  5,000행 | 매칭 성공:  4,678 / 실패:   322 | 누적:    145,000/806,856 | 경과:    11.72초
2026-07-02 15:17:44 [INFO] 청크   30 완료 | 처리:  5,000행 | 매칭 성공:  4,682 / 실패:   318 | 누적:    150,000/806,856 | 경과:    12.08초
2026-07-02 15:17:44 [INFO] 청크   31 완료 | 처리:  5,000행 | 매칭 성공:  4,648 / 실패:   352 | 누적:    155,000/806,856 | 경과:    12.44초
2026-07-02 15:17:45 [INFO] 청크   32 완료 | 처리:  5,000행 | 매칭 성공:  4,658 / 실패:   342 | 누적:    160,000/806,856 | 경과:    12.80초
2026-07-02 15:17:45 [INFO] 청크   33 완료 | 처리:  5,000행 | 매칭 성공:  4,670 / 실패:   330 | 누적:    165,000/806,856 | 경과:    13.17초
2026-07-02 15:17:45 [INFO] 청크   34 완료 | 처리:  5,000행 | 매칭 성공:  4,648 / 실패:   352 | 누적:    170,000/806,856 | 경과:    13.53초
2026-07-02 15:17:46 [INFO] 청크   35 완료 | 처리:  5,000행 | 매칭 성공:  4,662 / 실패:   338 | 누적:    175,000/806,856 | 경과:    13.90초
2026-07-02 15:17:46 [INFO] 청크   36 완료 | 처리:  5,000행 | 매칭 성공:  4,639 / 실패:   361 | 누적:    180,000/806,856 | 경과:    14.27초
2026-07-02 15:17:47 [INFO] 청크   37 완료 | 처리:  5,000행 | 매칭 성공:  4,629 / 실패:   371 | 누적:    185,000/806,856 | 경과:    14.63초
2026-07-02 15:17:47 [INFO] 청크   38 완료 | 처리:  5,000행 | 매칭 성공:  4,705 / 실패:   295 | 누적:    190,000/806,856 | 경과:    14.99초
2026-07-02 15:17:47 [INFO] 청크   39 완료 | 처리:  5,000행 | 매칭 성공:  4,613 / 실패:   387 | 누적:    195,000/806,856 | 경과:    15.35초
2026-07-02 15:17:48 [INFO] 청크   40 완료 | 처리:  5,000행 | 매칭 성공:  4,623 / 실패:   377 | 누적:    200,000/806,856 | 경과:    15.74초
2026-07-02 15:17:48 [INFO] 청크   41 완료 | 처리:  5,000행 | 매칭 성공:  4,648 / 실패:   352 | 누적:    205,000/806,856 | 경과:    16.11초
2026-07-02 15:17:48 [INFO] 청크   42 완료 | 처리:  5,000행 | 매칭 성공:  4,647 / 실패:   353 | 누적:    210,000/806,856 | 경과:    16.50초
2026-07-02 15:17:49 [INFO] 청크   43 완료 | 처리:  5,000행 | 매칭 성공:  4,632 / 실패:   368 | 누적:    215,000/806,856 | 경과:    16.87초
2026-07-02 15:17:49 [INFO] 청크   44 완료 | 처리:  5,000행 | 매칭 성공:  4,670 / 실패:   330 | 누적:    220,000/806,856 | 경과:    17.24초
2026-07-02 15:17:49 [INFO] 청크   45 완료 | 처리:  5,000행 | 매칭 성공:  4,617 / 실패:   383 | 누적:    225,000/806,856 | 경과:    17.60초
2026-07-02 15:17:50 [INFO] 청크   46 완료 | 처리:  5,000행 | 매칭 성공:  4,656 / 실패:   344 | 누적:    230,000/806,856 | 경과:    17.97초
2026-07-02 15:17:50 [INFO] 청크   47 완료 | 처리:  5,000행 | 매칭 성공:  4,662 / 실패:   338 | 누적:    235,000/806,856 | 경과:    18.33초
2026-07-02 15:17:51 [INFO] 청크   48 완료 | 처리:  5,000행 | 매칭 성공:  4,618 / 실패:   382 | 누적:    240,000/806,856 | 경과:    18.70초
2026-07-02 15:17:51 [INFO] 청크   49 완료 | 처리:  5,000행 | 매칭 성공:  4,674 / 실패:   326 | 누적:    245,000/806,856 | 경과:    19.09초
2026-07-02 15:17:51 [INFO] 청크   50 완료 | 처리:  5,000행 | 매칭 성공:  4,639 / 실패:   361 | 누적:    250,000/806,856 | 경과:    19.46초
2026-07-02 15:17:52 [INFO] 청크   51 완료 | 처리:  5,000행 | 매칭 성공:  4,666 / 실패:   334 | 누적:    255,000/806,856 | 경과:    19.83초
2026-07-02 15:17:52 [INFO] 청크   52 완료 | 처리:  5,000행 | 매칭 성공:  4,646 / 실패:   354 | 누적:    260,000/806,856 | 경과:    20.21초
2026-07-02 15:17:52 [INFO] 청크   53 완료 | 처리:  5,000행 | 매칭 성공:  4,648 / 실패:   352 | 누적:    265,000/806,856 | 경과:    20.58초
2026-07-02 15:17:53 [INFO] 청크   54 완료 | 처리:  5,000행 | 매칭 성공:  4,641 / 실패:   359 | 누적:    270,000/806,856 | 경과:    20.98초
2026-07-02 15:17:53 [INFO] 청크   55 완료 | 처리:  5,000행 | 매칭 성공:  4,638 / 실패:   362 | 누적:    275,000/806,856 | 경과:    21.35초
2026-07-02 15:17:54 [INFO] 청크   56 완료 | 처리:  5,000행 | 매칭 성공:  4,642 / 실패:   358 | 누적:    280,000/806,856 | 경과:    21.75초
2026-07-02 15:17:54 [INFO] 청크   57 완료 | 처리:  5,000행 | 매칭 성공:  4,656 / 실패:   344 | 누적:    285,000/806,856 | 경과:    22.12초
2026-07-02 15:17:54 [INFO] 청크   58 완료 | 처리:  5,000행 | 매칭 성공:  4,648 / 실패:   352 | 누적:    290,000/806,856 | 경과:    22.50초
2026-07-02 15:17:55 [INFO] 청크   59 완료 | 처리:  5,000행 | 매칭 성공:  4,630 / 실패:   370 | 누적:    295,000/806,856 | 경과:    22.88초
2026-07-02 15:17:55 [INFO] 청크   60 완료 | 처리:  5,000행 | 매칭 성공:  4,612 / 실패:   388 | 누적:    300,000/806,856 | 경과:    23.25초
2026-07-02 15:17:56 [INFO] 청크   61 완료 | 처리:  5,000행 | 매칭 성공:  4,621 / 실패:   379 | 누적:    305,000/806,856 | 경과:    23.63초
2026-07-02 15:17:56 [INFO] 청크   62 완료 | 처리:  5,000행 | 매칭 성공:  4,633 / 실패:   367 | 누적:    310,000/806,856 | 경과:    24.00초
2026-07-02 15:17:56 [INFO] 청크   63 완료 | 처리:  5,000행 | 매칭 성공:  4,652 / 실패:   348 | 누적:    315,000/806,856 | 경과:    24.40초
2026-07-02 15:17:57 [INFO] 청크   64 완료 | 처리:  5,000행 | 매칭 성공:  4,694 / 실패:   306 | 누적:    320,000/806,856 | 경과:    24.78초
2026-07-02 15:17:57 [INFO] 청크   65 완료 | 처리:  5,000행 | 매칭 성공:  4,672 / 실패:   328 | 누적:    325,000/806,856 | 경과:    25.16초
2026-07-02 15:17:57 [INFO] 청크   66 완료 | 처리:  5,000행 | 매칭 성공:  4,679 / 실패:   321 | 누적:    330,000/806,856 | 경과:    25.56초
2026-07-02 15:17:58 [INFO] 청크   67 완료 | 처리:  5,000행 | 매칭 성공:  4,669 / 실패:   331 | 누적:    335,000/806,856 | 경과:    25.96초
2026-07-02 15:17:58 [INFO] 청크   68 완료 | 처리:  5,000행 | 매칭 성공:  4,632 / 실패:   368 | 누적:    340,000/806,856 | 경과:    26.35초
2026-07-02 15:17:59 [INFO] 청크   69 완료 | 처리:  5,000행 | 매칭 성공:  4,659 / 실패:   341 | 누적:    345,000/806,856 | 경과:    26.73초
2026-07-02 15:17:59 [INFO] 청크   70 완료 | 처리:  5,000행 | 매칭 성공:  4,624 / 실패:   376 | 누적:    350,000/806,856 | 경과:    27.14초
2026-07-02 15:17:59 [INFO] 청크   71 완료 | 처리:  5,000행 | 매칭 성공:  4,650 / 실패:   350 | 누적:    355,000/806,856 | 경과:    27.53초
2026-07-02 15:18:00 [INFO] 청크   72 완료 | 처리:  5,000행 | 매칭 성공:  4,639 / 실패:   361 | 누적:    360,000/806,856 | 경과:    27.91초
2026-07-02 15:18:00 [INFO] 청크   73 완료 | 처리:  5,000행 | 매칭 성공:  4,617 / 실패:   383 | 누적:    365,000/806,856 | 경과:    28.30초
2026-07-02 15:18:01 [INFO] 청크   74 완료 | 처리:  5,000행 | 매칭 성공:  4,674 / 실패:   326 | 누적:    370,000/806,856 | 경과:    28.68초
2026-07-02 15:18:01 [INFO] 청크   75 완료 | 처리:  5,000행 | 매칭 성공:  4,640 / 실패:   360 | 누적:    375,000/806,856 | 경과:    29.06초
2026-07-02 15:18:01 [INFO] 청크   76 완료 | 처리:  5,000행 | 매칭 성공:  4,605 / 실패:   395 | 누적:    380,000/806,856 | 경과:    29.44초
2026-07-02 15:18:02 [INFO] 청크   77 완료 | 처리:  5,000행 | 매칭 성공:  4,666 / 실패:   334 | 누적:    385,000/806,856 | 경과:    29.85초
2026-07-02 15:18:02 [INFO] 청크   78 완료 | 처리:  5,000행 | 매칭 성공:  4,707 / 실패:   293 | 누적:    390,000/806,856 | 경과:    30.24초
2026-07-02 15:18:03 [INFO] 청크   79 완료 | 처리:  5,000행 | 매칭 성공:  4,663 / 실패:   337 | 누적:    395,000/806,856 | 경과:    30.62초
2026-07-02 15:18:03 [INFO] 청크   80 완료 | 처리:  5,000행 | 매칭 성공:  4,666 / 실패:   334 | 누적:    400,000/806,856 | 경과:    31.02초
2026-07-02 15:18:03 [INFO] 청크   81 완료 | 처리:  5,000행 | 매칭 성공:  4,668 / 실패:   332 | 누적:    405,000/806,856 | 경과:    31.43초
2026-07-02 15:18:04 [INFO] 청크   82 완료 | 처리:  5,000행 | 매칭 성공:  4,664 / 실패:   336 | 누적:    410,000/806,856 | 경과:    31.82초
2026-07-02 15:18:04 [INFO] 청크   83 완료 | 처리:  5,000행 | 매칭 성공:  4,642 / 실패:   358 | 누적:    415,000/806,856 | 경과:    32.22초
2026-07-02 15:18:05 [INFO] 청크   84 완료 | 처리:  5,000행 | 매칭 성공:  4,652 / 실패:   348 | 누적:    420,000/806,856 | 경과:    32.62초
2026-07-02 15:18:05 [INFO] 청크   85 완료 | 처리:  5,000행 | 매칭 성공:  4,645 / 실패:   355 | 누적:    425,000/806,856 | 경과:    33.02초
2026-07-02 15:18:05 [INFO] 청크   86 완료 | 처리:  5,000행 | 매칭 성공:  4,621 / 실패:   379 | 누적:    430,000/806,856 | 경과:    33.41초
2026-07-02 15:18:06 [INFO] 청크   87 완료 | 처리:  5,000행 | 매칭 성공:  4,670 / 실패:   330 | 누적:    435,000/806,856 | 경과:    33.80초
2026-07-02 15:18:06 [INFO] 청크   88 완료 | 처리:  5,000행 | 매칭 성공:  4,671 / 실패:   329 | 누적:    440,000/806,856 | 경과:    34.19초
2026-07-02 15:18:06 [INFO] 청크   89 완료 | 처리:  5,000행 | 매칭 성공:  4,666 / 실패:   334 | 누적:    445,000/806,856 | 경과:    34.58초
2026-07-02 15:18:07 [INFO] 청크   90 완료 | 처리:  5,000행 | 매칭 성공:  4,650 / 실패:   350 | 누적:    450,000/806,856 | 경과:    34.97초
2026-07-02 15:18:07 [INFO] 청크   91 완료 | 처리:  5,000행 | 매칭 성공:  4,660 / 실패:   340 | 누적:    455,000/806,856 | 경과:    35.39초
2026-07-02 15:18:08 [INFO] 청크   92 완료 | 처리:  5,000행 | 매칭 성공:  4,669 / 실패:   331 | 누적:    460,000/806,856 | 경과:    35.79초
2026-07-02 15:18:08 [INFO] 청크   93 완료 | 처리:  5,000행 | 매칭 성공:  4,663 / 실패:   337 | 누적:    465,000/806,856 | 경과:    36.21초
2026-07-02 15:18:09 [INFO] 청크   94 완료 | 처리:  5,000행 | 매칭 성공:  4,657 / 실패:   343 | 누적:    470,000/806,856 | 경과:    36.61초
2026-07-02 15:18:09 [INFO] 청크   95 완료 | 처리:  5,000행 | 매칭 성공:  4,650 / 실패:   350 | 누적:    475,000/806,856 | 경과:    37.01초
2026-07-02 15:18:09 [INFO] 청크   96 완료 | 처리:  5,000행 | 매칭 성공:  4,647 / 실패:   353 | 누적:    480,000/806,856 | 경과:    37.41초
2026-07-02 15:18:10 [INFO] 청크   97 완료 | 처리:  5,000행 | 매칭 성공:  4,671 / 실패:   329 | 누적:    485,000/806,856 | 경과:    37.81초
2026-07-02 15:18:10 [INFO] 청크   98 완료 | 처리:  5,000행 | 매칭 성공:  4,644 / 실패:   356 | 누적:    490,000/806,856 | 경과:    38.23초
2026-07-02 15:18:11 [INFO] 청크   99 완료 | 처리:  5,000행 | 매칭 성공:  4,656 / 실패:   344 | 누적:    495,000/806,856 | 경과:    38.63초
2026-07-02 15:18:11 [INFO] 청크  100 완료 | 처리:  5,000행 | 매칭 성공:  4,658 / 실패:   342 | 누적:    500,000/806,856 | 경과:    39.03초
2026-07-02 15:18:11 [INFO] 청크  101 완료 | 처리:  5,000행 | 매칭 성공:  4,635 / 실패:   365 | 누적:    505,000/806,856 | 경과:    39.43초
2026-07-02 15:18:12 [INFO] 청크  102 완료 | 처리:  5,000행 | 매칭 성공:  4,658 / 실패:   342 | 누적:    510,000/806,856 | 경과:    39.84초
2026-07-02 15:18:12 [INFO] 청크  103 완료 | 처리:  5,000행 | 매칭 성공:  4,688 / 실패:   312 | 누적:    515,000/806,856 | 경과:    40.24초
2026-07-02 15:18:13 [INFO] 청크  104 완료 | 처리:  5,000행 | 매칭 성공:  4,658 / 실패:   342 | 누적:    520,000/806,856 | 경과:    40.63초
2026-07-02 15:18:13 [INFO] 청크  105 완료 | 처리:  5,000행 | 매칭 성공:  4,665 / 실패:   335 | 누적:    525,000/806,856 | 경과:    41.06초
2026-07-02 15:18:13 [INFO] 청크  106 완료 | 처리:  5,000행 | 매칭 성공:  4,689 / 실패:   311 | 누적:    530,000/806,856 | 경과:    41.50초
2026-07-02 15:18:14 [INFO] 청크  107 완료 | 처리:  5,000행 | 매칭 성공:  4,663 / 실패:   337 | 누적:    535,000/806,856 | 경과:    41.90초
2026-07-02 15:18:14 [INFO] 청크  108 완료 | 처리:  5,000행 | 매칭 성공:  4,643 / 실패:   357 | 누적:    540,000/806,856 | 경과:    42.31초
2026-07-02 15:18:15 [INFO] 청크  109 완료 | 처리:  5,000행 | 매칭 성공:  4,689 / 실패:   311 | 누적:    545,000/806,856 | 경과:    42.71초
2026-07-02 15:18:15 [INFO] 청크  110 완료 | 처리:  5,000행 | 매칭 성공:  4,639 / 실패:   361 | 누적:    550,000/806,856 | 경과:    43.14초
2026-07-02 15:18:15 [INFO] 청크  111 완료 | 처리:  5,000행 | 매칭 성공:  4,639 / 실패:   361 | 누적:    555,000/806,856 | 경과:    43.54초
2026-07-02 15:18:16 [INFO] 청크  112 완료 | 처리:  5,000행 | 매칭 성공:  4,652 / 실패:   348 | 누적:    560,000/806,856 | 경과:    43.96초
2026-07-02 15:18:16 [INFO] 청크  113 완료 | 처리:  5,000행 | 매칭 성공:  4,673 / 실패:   327 | 누적:    565,000/806,856 | 경과:    44.37초
2026-07-02 15:18:17 [INFO] 청크  114 완료 | 처리:  5,000행 | 매칭 성공:  4,667 / 실패:   333 | 누적:    570,000/806,856 | 경과:    44.78초
2026-07-02 15:18:17 [INFO] 청크  115 완료 | 처리:  5,000행 | 매칭 성공:  4,659 / 실패:   341 | 누적:    575,000/806,856 | 경과:    45.19초
2026-07-02 15:18:17 [INFO] 청크  116 완료 | 처리:  5,000행 | 매칭 성공:  4,631 / 실패:   369 | 누적:    580,000/806,856 | 경과:    45.60초
2026-07-02 15:18:18 [INFO] 청크  117 완료 | 처리:  5,000행 | 매칭 성공:  4,619 / 실패:   381 | 누적:    585,000/806,856 | 경과:    46.01초
2026-07-02 15:18:18 [INFO] 청크  118 완료 | 처리:  5,000행 | 매칭 성공:  4,615 / 실패:   385 | 누적:    590,000/806,856 | 경과:    46.44초
2026-07-02 15:18:19 [INFO] 청크  119 완료 | 처리:  5,000행 | 매칭 성공:  4,653 / 실패:   347 | 누적:    595,000/806,856 | 경과:    46.87초
2026-07-02 15:18:19 [INFO] 청크  120 완료 | 처리:  5,000행 | 매칭 성공:  4,631 / 실패:   369 | 누적:    600,000/806,856 | 경과:    47.29초
2026-07-02 15:18:20 [INFO] 청크  121 완료 | 처리:  5,000행 | 매칭 성공:  4,670 / 실패:   330 | 누적:    605,000/806,856 | 경과:    47.71초
2026-07-02 15:18:20 [INFO] 청크  122 완료 | 처리:  5,000행 | 매칭 성공:  4,647 / 실패:   353 | 누적:    610,000/806,856 | 경과:    48.12초
2026-07-02 15:18:20 [INFO] 청크  123 완료 | 처리:  5,000행 | 매칭 성공:  4,641 / 실패:   359 | 누적:    615,000/806,856 | 경과:    48.53초
2026-07-02 15:18:21 [INFO] 청크  124 완료 | 처리:  5,000행 | 매칭 성공:  4,671 / 실패:   329 | 누적:    620,000/806,856 | 경과:    48.95초
2026-07-02 15:18:21 [INFO] 청크  125 완료 | 처리:  5,000행 | 매칭 성공:  4,636 / 실패:   364 | 누적:    625,000/806,856 | 경과:    49.36초
2026-07-02 15:18:22 [INFO] 청크  126 완료 | 처리:  5,000행 | 매칭 성공:  4,679 / 실패:   321 | 누적:    630,000/806,856 | 경과:    49.79초
2026-07-02 15:18:22 [INFO] 청크  127 완료 | 처리:  5,000행 | 매칭 성공:  4,624 / 실패:   376 | 누적:    635,000/806,856 | 경과:    50.21초
2026-07-02 15:18:23 [INFO] 청크  128 완료 | 처리:  5,000행 | 매칭 성공:  4,642 / 실패:   358 | 누적:    640,000/806,856 | 경과:    50.62초
2026-07-02 15:18:23 [INFO] 청크  129 완료 | 처리:  5,000행 | 매칭 성공:  4,654 / 실패:   346 | 누적:    645,000/806,856 | 경과:    51.03초
2026-07-02 15:18:23 [INFO] 청크  130 완료 | 처리:  5,000행 | 매칭 성공:  4,653 / 실패:   347 | 누적:    650,000/806,856 | 경과:    51.48초
2026-07-02 15:18:24 [INFO] 청크  131 완료 | 처리:  5,000행 | 매칭 성공:  4,645 / 실패:   355 | 누적:    655,000/806,856 | 경과:    51.93초
2026-07-02 15:18:24 [INFO] 청크  132 완료 | 처리:  5,000행 | 매칭 성공:  4,627 / 실패:   373 | 누적:    660,000/806,856 | 경과:    52.34초
2026-07-02 15:18:25 [INFO] 청크  133 완료 | 처리:  5,000행 | 매칭 성공:  4,649 / 실패:   351 | 누적:    665,000/806,856 | 경과:    52.78초
2026-07-02 15:18:25 [INFO] 청크  134 완료 | 처리:  5,000행 | 매칭 성공:  4,671 / 실패:   329 | 누적:    670,000/806,856 | 경과:    53.21초
2026-07-02 15:18:26 [INFO] 청크  135 완료 | 처리:  5,000행 | 매칭 성공:  4,650 / 실패:   350 | 누적:    675,000/806,856 | 경과:    53.63초
2026-07-02 15:18:26 [INFO] 청크  136 완료 | 처리:  5,000행 | 매칭 성공:  4,666 / 실패:   334 | 누적:    680,000/806,856 | 경과:    54.05초
2026-07-02 15:18:26 [INFO] 청크  137 완료 | 처리:  5,000행 | 매칭 성공:  4,700 / 실패:   300 | 누적:    685,000/806,856 | 경과:    54.48초
2026-07-02 15:18:27 [INFO] 청크  138 완료 | 처리:  5,000행 | 매칭 성공:  4,650 / 실패:   350 | 누적:    690,000/806,856 | 경과:    54.90초
2026-07-02 15:18:27 [INFO] 청크  139 완료 | 처리:  5,000행 | 매칭 성공:  4,612 / 실패:   388 | 누적:    695,000/806,856 | 경과:    55.32초
2026-07-02 15:18:28 [INFO] 청크  140 완료 | 처리:  5,000행 | 매칭 성공:  4,657 / 실패:   343 | 누적:    700,000/806,856 | 경과:    55.77초
2026-07-02 15:18:28 [INFO] 청크  141 완료 | 처리:  5,000행 | 매칭 성공:  4,654 / 실패:   346 | 누적:    705,000/806,856 | 경과:    56.19초
2026-07-02 15:18:29 [INFO] 청크  142 완료 | 처리:  5,000행 | 매칭 성공:  4,648 / 실패:   352 | 누적:    710,000/806,856 | 경과:    56.61초
2026-07-02 15:18:29 [INFO] 청크  143 완료 | 처리:  5,000행 | 매칭 성공:  4,638 / 실패:   362 | 누적:    715,000/806,856 | 경과:    57.07초
2026-07-02 15:18:29 [INFO] 청크  144 완료 | 처리:  5,000행 | 매칭 성공:  4,639 / 실패:   361 | 누적:    720,000/806,856 | 경과:    57.50초
2026-07-02 15:18:30 [INFO] 청크  145 완료 | 처리:  5,000행 | 매칭 성공:  4,629 / 실패:   371 | 누적:    725,000/806,856 | 경과:    57.92초
2026-07-02 15:18:30 [INFO] 청크  146 완료 | 처리:  5,000행 | 매칭 성공:  4,651 / 실패:   349 | 누적:    730,000/806,856 | 경과:    58.35초
2026-07-02 15:18:31 [INFO] 청크  147 완료 | 처리:  5,000행 | 매칭 성공:  4,672 / 실패:   328 | 누적:    735,000/806,856 | 경과:    58.79초
2026-07-02 15:18:31 [INFO] 청크  148 완료 | 처리:  5,000행 | 매칭 성공:  4,658 / 실패:   342 | 누적:    740,000/806,856 | 경과:    59.22초
2026-07-02 15:18:32 [INFO] 청크  149 완료 | 처리:  5,000행 | 매칭 성공:  4,634 / 실패:   366 | 누적:    745,000/806,856 | 경과:    59.65초
2026-07-02 15:18:32 [INFO] 청크  150 완료 | 처리:  5,000행 | 매칭 성공:  4,677 / 실패:   323 | 누적:    750,000/806,856 | 경과:    60.08초
2026-07-02 15:18:32 [INFO] 청크  151 완료 | 처리:  5,000행 | 매칭 성공:  4,660 / 실패:   340 | 누적:    755,000/806,856 | 경과:    60.51초
2026-07-02 15:18:33 [INFO] 청크  152 완료 | 처리:  5,000행 | 매칭 성공:  4,656 / 실패:   344 | 누적:    760,000/806,856 | 경과:    60.94초
2026-07-02 15:18:33 [INFO] 청크  153 완료 | 처리:  5,000행 | 매칭 성공:  4,650 / 실패:   350 | 누적:    765,000/806,856 | 경과:    61.37초
2026-07-02 15:18:34 [INFO] 청크  154 완료 | 처리:  5,000행 | 매칭 성공:  4,625 / 실패:   375 | 누적:    770,000/806,856 | 경과:    61.85초
2026-07-02 15:18:34 [INFO] 청크  155 완료 | 처리:  5,000행 | 매칭 성공:  4,618 / 실패:   382 | 누적:    775,000/806,856 | 경과:    62.32초
2026-07-02 15:18:35 [INFO] 청크  156 완료 | 처리:  5,000행 | 매칭 성공:  4,645 / 실패:   355 | 누적:    780,000/806,856 | 경과:    62.75초
2026-07-02 15:18:35 [INFO] 청크  157 완료 | 처리:  5,000행 | 매칭 성공:  4,640 / 실패:   360 | 누적:    785,000/806,856 | 경과:    63.19초
2026-07-02 15:18:36 [INFO] 청크  158 완료 | 처리:  5,000행 | 매칭 성공:  4,666 / 실패:   334 | 누적:    790,000/806,856 | 경과:    63.63초
2026-07-02 15:18:36 [INFO] 청크  159 완료 | 처리:  5,000행 | 매칭 성공:  4,681 / 실패:   319 | 누적:    795,000/806,856 | 경과:    64.07초
2026-07-02 15:18:36 [INFO] 청크  160 완료 | 처리:  5,000행 | 매칭 성공:  4,643 / 실패:   357 | 누적:    800,000/806,856 | 경과:    64.50초
2026-07-02 15:18:37 [INFO] 청크  161 완료 | 처리:  5,000행 | 매칭 성공:  4,649 / 실패:   351 | 누적:    805,000/806,856 | 경과:    64.96초
2026-07-02 15:18:37 [INFO] 청크  162 완료 | 처리:  1,856행 | 매칭 성공:  1,727 / 실패:   129 | 누적:    806,856/806,856 | 경과:    65.20초
2026-07-02 15:18:37 [INFO] 완료 — 총 806,856행 처리 | 총 소요 시간: 65.30초
