2026-07-02 15:44:50 [INFO] 처리 대상 행 수 (emd_cd='-1'): 56,831
2026-07-02 15:45:07 [INFO] 청크    1 완료 | 처리:   100행 | 성공:      85 / 실패:     15 | 누적:      100/56,831 | 경과:    16.49초
2026-07-02 15:45:22 [INFO] 청크    2 완료 | 처리:   100행 | 성공:     171 / 실패:     29 | 누적:      200/56,831 | 경과:    31.62초
2026-07-02 15:45:38 [INFO] 청크    3 완료 | 처리:   100행 | 성공:     258 / 실패:     42 | 누적:      300/56,831 | 경과:    47.56초
2026-07-02 15:45:53 [INFO] 청크    4 완료 | 처리:   100행 | 성공:     344 / 실패:     56 | 누적:      400/56,831 | 경과:    63.06초
2026-07-02 15:46:09 [INFO] 청크    5 완료 | 처리:   100행 | 성공:     431 / 실패:     69 | 누적:      500/56,831 | 경과:    78.76초
2026-07-02 15:46:25 [INFO] 청크    6 완료 | 처리:   100행 | 성공:     522 / 실패:     78 | 누적:      600/56,831 | 경과:    94.58초
2026-07-02 15:46:39 [INFO] 청크    7 완료 | 처리:   100행 | 성공:     603 / 실패:     97 | 누적:      700/56,831 | 경과:   109.20초
2026-07-02 15:46:54 [INFO] 청크    8 완료 | 처리:   100행 | 성공:     687 / 실패:    113 | 누적:      800/56,831 | 경과:   123.92초
2026-07-02 15:47:09 [INFO] 청크    9 완료 | 처리:   100행 | 성공:     768 / 실패:    132 | 누적:      900/56,831 | 경과:   138.86초
2026-07-02 15:47:24 [INFO] 청크   10 완료 | 처리:   100행 | 성공:     850 / 실패:    150 | 누적:    1,000/56,831 | 경과:   153.97초
2026-07-02 15:47:40 [INFO] 청크   11 완료 | 처리:   100행 | 성공:     938 / 실패:    162 | 누적:    1,100/56,831 | 경과:   169.49초
2026-07-02 15:47:55 [INFO] 청크   12 완료 | 처리:   100행 | 성공:   1,022 / 실패:    178 | 누적:    1,200/56,831 | 경과:   184.42초
2026-07-02 15:48:09 [INFO] 청크   13 완료 | 처리:   100행 | 성공:   1,106 / 실패:    194 | 누적:    1,300/56,831 | 경과:   199.22초
2026-07-02 15:48:24 [INFO] 청크   14 완료 | 처리:   100행 | 성공:   1,189 / 실패:    211 | 누적:    1,400/56,831 | 경과:   214.13초
2026-07-02 15:48:42 [INFO] 청크   15 완료 | 처리:   100행 | 성공:   1,271 / 실패:    229 | 누적:    1,500/56,831 | 경과:   231.48초
2026-07-02 15:48:58 [INFO] 청크   16 완료 | 처리:   100행 | 성공:   1,356 / 실패:    244 | 누적:    1,600/56,831 | 경과:   247.39초
2026-07-02 15:49:14 [INFO] 청크   17 완료 | 처리:   100행 | 성공:   1,448 / 실패:    252 | 누적:    1,700/56,831 | 경과:   263.88초
2026-07-02 15:49:29 [INFO] 청크   18 완료 | 처리:   100행 | 성공:   1,531 / 실패:    269 | 누적:    1,800/56,831 | 경과:   279.10초
2026-07-02 15:49:44 [INFO] 청크   19 완료 | 처리:   100행 | 성공:   1,618 / 실패:    282 | 누적:    1,900/56,831 | 경과:   294.18초
2026-07-02 15:50:01 [INFO] 청크   20 완료 | 처리:   100행 | 성공:   1,705 / 실패:    295 | 누적:    2,000/56,831 | 경과:   310.60초
2026-07-02 15:50:14 [INFO] 청크   21 완료 | 처리:   100행 | 성공:   1,779 / 실패:    321 | 누적:    2,100/56,831 | 경과:   323.61초
2026-07-02 15:50:29 [INFO] 청크   22 완료 | 처리:   100행 | 성공:   1,863 / 실패:    337 | 누적:    2,200/56,831 | 경과:   338.96초
2026-07-02 15:50:45 [INFO] 청크   23 완료 | 처리:   100행 | 성공:   1,952 / 실패:    348 | 누적:    2,300/56,831 | 경과:   354.40초
2026-07-02 15:51:01 [INFO] 청크   24 완료 | 처리:   100행 | 성공:   2,043 / 실패:    357 | 누적:    2,400/56,831 | 경과:   370.60초
2026-07-02 15:51:17 [INFO] 청크   25 완료 | 처리:   100행 | 성공:   2,131 / 실패:    369 | 누적:    2,500/56,831 | 경과:   386.37초
2026-07-02 15:51:31 [INFO] 청크   26 완료 | 처리:   100행 | 성공:   2,214 / 실패:    386 | 누적:    2,600/56,831 | 경과:   401.16초
2026-07-02 15:51:48 [INFO] 청크   27 완료 | 처리:   100행 | 성공:   2,303 / 실패:    397 | 누적:    2,700/56,831 | 경과:   417.40초
2026-07-02 15:52:02 [INFO] 청크   28 완료 | 처리:   100행 | 성공:   2,381 / 실패:    419 | 누적:    2,800/56,831 | 경과:   431.70초
2026-07-02 15:52:17 [INFO] 청크   29 완료 | 처리:   100행 | 성공:   2,465 / 실패:    435 | 누적:    2,900/56,831 | 경과:   446.78초
2026-07-02 15:52:32 [INFO] 청크   30 완료 | 처리:   100행 | 성공:   2,550 / 실패:    450 | 누적:    3,000/56,831 | 경과:   461.94초
2026-07-02 15:52:48 [INFO] 청크   31 완료 | 처리:   100행 | 성공:   2,634 / 실패:    466 | 누적:    3,100/56,831 | 경과:   477.84초
2026-07-02 15:53:03 [INFO] 청크   32 완료 | 처리:   100행 | 성공:   2,719 / 실패:    481 | 누적:    3,200/56,831 | 경과:   492.51초
2026-07-02 15:53:19 [INFO] 청크   33 완료 | 처리:   100행 | 성공:   2,805 / 실패:    495 | 누적:    3,300/56,831 | 경과:   508.81초
2026-07-02 15:53:34 [INFO] 청크   34 완료 | 처리:   100행 | 성공:   2,892 / 실패:    508 | 누적:    3,400/56,831 | 경과:   523.65초
2026-07-02 15:53:50 [INFO] 청크   35 완료 | 처리:   100행 | 성공:   2,979 / 실패:    521 | 누적:    3,500/56,831 | 경과:   539.84초
2026-07-02 15:54:08 [INFO] 청크   36 완료 | 처리:   100행 | 성공:   3,066 / 실패:    534 | 누적:    3,600/56,831 | 경과:   558.10초
2026-07-02 15:54:23 [INFO] 청크   37 완료 | 처리:   100행 | 성공:   3,148 / 실패:    552 | 누적:    3,700/56,831 | 경과:   572.56초
2026-07-02 15:54:38 [INFO] 청크   38 완료 | 처리:   100행 | 성공:   3,233 / 실패:    567 | 누적:    3,800/56,831 | 경과:   588.15초
2026-07-02 15:54:53 [INFO] 청크   39 완료 | 처리:   100행 | 성공:   3,312 / 실패:    588 | 누적:    3,900/56,831 | 경과:   602.40초
2026-07-02 15:55:08 [INFO] 청크   40 완료 | 처리:   100행 | 성공:   3,400 / 실패:    600 | 누적:    4,000/56,831 | 경과:   617.84초
2026-07-02 15:55:23 [INFO] 청크   41 완료 | 처리:   100행 | 성공:   3,485 / 실패:    615 | 누적:    4,100/56,831 | 경과:   633.28초
2026-07-02 15:55:37 [INFO] 청크   42 완료 | 처리:   100행 | 성공:   3,565 / 실패:    635 | 누적:    4,200/56,831 | 경과:   647.27초
2026-07-02 15:55:53 [INFO] 청크   43 완료 | 처리:   100행 | 성공:   3,650 / 실패:    650 | 누적:    4,300/56,831 | 경과:   663.28초
2026-07-02 15:56:09 [INFO] 청크   44 완료 | 처리:   100행 | 성공:   3,735 / 실패:    665 | 누적:    4,400/56,831 | 경과:   678.76초
2026-07-02 15:56:24 [INFO] 청크   45 완료 | 처리:   100행 | 성공:   3,819 / 실패:    681 | 누적:    4,500/56,831 | 경과:   694.28초
2026-07-02 15:56:39 [INFO] 청크   46 완료 | 처리:   100행 | 성공:   3,901 / 실패:    699 | 누적:    4,600/56,831 | 경과:   708.63초
2026-07-02 15:56:54 [INFO] 청크   47 완료 | 처리:   100행 | 성공:   3,986 / 실패:    714 | 누적:    4,700/56,831 | 경과:   723.41초
2026-07-02 15:57:10 [INFO] 청크   48 완료 | 처리:   100행 | 성공:   4,076 / 실패:    724 | 누적:    4,800/56,831 | 경과:   739.49초
2026-07-02 15:57:24 [INFO] 청크   49 완료 | 처리:   100행 | 성공:   4,157 / 실패:    743 | 누적:    4,900/56,831 | 경과:   753.59초
2026-07-02 15:57:39 [INFO] 청크   50 완료 | 처리:   100행 | 성공:   4,237 / 실패:    763 | 누적:    5,000/56,831 | 경과:   768.33초
2026-07-02 15:57:53 [INFO] 청크   51 완료 | 처리:   100행 | 성공:   4,317 / 실패:    783 | 누적:    5,100/56,831 | 경과:   782.98초
2026-07-02 15:58:09 [INFO] 청크   52 완료 | 처리:   100행 | 성공:   4,400 / 실패:    800 | 누적:    5,200/56,831 | 경과:   798.39초
2026-07-02 15:58:24 [INFO] 청크   53 완료 | 처리:   100행 | 성공:   4,487 / 실패:    813 | 누적:    5,300/56,831 | 경과:   813.34초
2026-07-02 15:58:38 [INFO] 청크   54 완료 | 처리:   100행 | 성공:   4,571 / 실패:    829 | 누적:    5,400/56,831 | 경과:   827.73초
2026-07-02 15:58:52 [INFO] 청크   55 완료 | 처리:   100행 | 성공:   4,649 / 실패:    851 | 누적:    5,500/56,831 | 경과:   841.32초
2026-07-02 15:59:06 [INFO] 청크   56 완료 | 처리:   100행 | 성공:   4,729 / 실패:    871 | 누적:    5,600/56,831 | 경과:   855.49초
2026-07-02 15:59:21 [INFO] 청크   57 완료 | 처리:   100행 | 성공:   4,816 / 실패:    884 | 누적:    5,700/56,831 | 경과:   870.90초
2026-07-02 15:59:34 [INFO] 청크   58 완료 | 처리:   100행 | 성공:   4,893 / 실패:    907 | 누적:    5,800/56,831 | 경과:   884.24초
2026-07-02 15:59:53 [INFO] 청크   59 완료 | 처리:   100행 | 성공:   4,981 / 실패:    919 | 누적:    5,900/56,831 | 경과:   902.42초
2026-07-02 16:00:06 [INFO] 청크   60 완료 | 처리:   100행 | 성공:   5,059 / 실패:    941 | 누적:    6,000/56,831 | 경과:   916.06초
2026-07-02 16:00:22 [INFO] 청크   61 완료 | 처리:   100행 | 성공:   5,147 / 실패:    953 | 누적:    6,100/56,831 | 경과:   932.11초
2026-07-02 16:00:37 [INFO] 청크   62 완료 | 처리:   100행 | 성공:   5,227 / 실패:    973 | 누적:    6,200/56,831 | 경과:   946.94초
2026-07-02 16:00:52 [INFO] 청크   63 완료 | 처리:   100행 | 성공:   5,313 / 실패:    987 | 누적:    6,300/56,831 | 경과:   961.79초
2026-07-02 16:01:06 [INFO] 청크   64 완료 | 처리:   100행 | 성공:   5,397 / 실패:  1,003 | 누적:    6,400/56,831 | 경과:   976.22초
2026-07-02 16:01:23 [INFO] 청크   65 완료 | 처리:   100행 | 성공:   5,486 / 실패:  1,014 | 누적:    6,500/56,831 | 경과:   992.61초
2026-07-02 16:01:38 [INFO] 청크   66 완료 | 처리:   100행 | 성공:   5,575 / 실패:  1,025 | 누적:    6,600/56,831 | 경과:  1008.17초
2026-07-02 16:01:53 [INFO] 청크   67 완료 | 처리:   100행 | 성공:   5,661 / 실패:  1,039 | 누적:    6,700/56,831 | 경과:  1022.92초
2026-07-02 16:02:10 [INFO] 청크   68 완료 | 처리:   100행 | 성공:   5,749 / 실패:  1,051 | 누적:    6,800/56,831 | 경과:  1039.89초
2026-07-02 16:02:25 [INFO] 청크   69 완료 | 처리:   100행 | 성공:   5,831 / 실패:  1,069 | 누적:    6,900/56,831 | 경과:  1054.51초
2026-07-02 16:02:40 [INFO] 청크   70 완료 | 처리:   100행 | 성공:   5,913 / 실패:  1,087 | 누적:    7,000/56,831 | 경과:  1069.72초
2026-07-02 16:02:55 [INFO] 청크   71 완료 | 처리:   100행 | 성공:   5,994 / 실패:  1,106 | 누적:    7,100/56,831 | 경과:  1084.89초
2026-07-02 16:03:10 [INFO] 청크   72 완료 | 처리:   100행 | 성공:   6,076 / 실패:  1,124 | 누적:    7,200/56,831 | 경과:  1099.96초
2026-07-02 16:03:26 [INFO] 청크   73 완료 | 처리:   100행 | 성공:   6,164 / 실패:  1,136 | 누적:    7,300/56,831 | 경과:  1115.47초
2026-07-02 16:03:39 [INFO] 청크   74 완료 | 처리:   100행 | 성공:   6,244 / 실패:  1,156 | 누적:    7,400/56,831 | 경과:  1129.16초
2026-07-02 16:03:55 [INFO] 청크   75 완료 | 처리:   100행 | 성공:   6,333 / 실패:  1,167 | 누적:    7,500/56,831 | 경과:  1144.66초
2026-07-02 16:04:10 [INFO] 청크   76 완료 | 처리:   100행 | 성공:   6,418 / 실패:  1,182 | 누적:    7,600/56,831 | 경과:  1159.66초
2026-07-02 16:04:25 [INFO] 청크   77 완료 | 처리:   100행 | 성공:   6,502 / 실패:  1,198 | 누적:    7,700/56,831 | 경과:  1174.60초
2026-07-02 16:04:39 [INFO] 청크   78 완료 | 처리:   100행 | 성공:   6,583 / 실패:  1,217 | 누적:    7,800/56,831 | 경과:  1189.13초
2026-07-02 16:04:52 [INFO] 청크   79 완료 | 처리:   100행 | 성공:   6,659 / 실패:  1,241 | 누적:    7,900/56,831 | 경과:  1202.07초
2026-07-02 16:05:10 [INFO] 청크   80 완료 | 처리:   100행 | 성공:   6,745 / 실패:  1,255 | 누적:    8,000/56,831 | 경과:  1220.02초
2026-07-02 16:05:24 [INFO] 청크   81 완료 | 처리:   100행 | 성공:   6,826 / 실패:  1,274 | 누적:    8,100/56,831 | 경과:  1234.11초
2026-07-02 16:05:39 [INFO] 청크   82 완료 | 처리:   100행 | 성공:   6,911 / 실패:  1,289 | 누적:    8,200/56,831 | 경과:  1249.14초
2026-07-02 16:05:54 [INFO] 청크   83 완료 | 처리:   100행 | 성공:   6,991 / 실패:  1,309 | 누적:    8,300/56,831 | 경과:  1263.79초
2026-07-02 16:06:10 [INFO] 청크   84 완료 | 처리:   100행 | 성공:   7,075 / 실패:  1,325 | 누적:    8,400/56,831 | 경과:  1279.39초
2026-07-02 16:06:25 [INFO] 청크   85 완료 | 처리:   100행 | 성공:   7,163 / 실패:  1,337 | 누적:    8,500/56,831 | 경과:  1294.62초
2026-07-02 16:06:40 [INFO] 청크   86 완료 | 처리:   100행 | 성공:   7,249 / 실패:  1,351 | 누적:    8,600/56,831 | 경과:  1310.03초
2026-07-02 16:06:57 [INFO] 청크   87 완료 | 처리:   100행 | 성공:   7,339 / 실패:  1,361 | 누적:    8,700/56,831 | 경과:  1326.89초
2026-07-02 16:07:13 [INFO] 청크   88 완료 | 처리:   100행 | 성공:   7,425 / 실패:  1,375 | 누적:    8,800/56,831 | 경과:  1342.91초
2026-07-02 16:07:29 [INFO] 청크   89 완료 | 처리:   100행 | 성공:   7,510 / 실패:  1,390 | 누적:    8,900/56,831 | 경과:  1358.57초
2026-07-02 16:07:44 [INFO] 청크   90 완료 | 처리:   100행 | 성공:   7,592 / 실패:  1,408 | 누적:    9,000/56,831 | 경과:  1373.50초
2026-07-02 16:08:00 [INFO] 청크   91 완료 | 처리:   100행 | 성공:   7,680 / 실패:  1,420 | 누적:    9,100/56,831 | 경과:  1389.34초
2026-07-02 16:08:15 [INFO] 청크   92 완료 | 처리:   100행 | 성공:   7,763 / 실패:  1,437 | 누적:    9,200/56,831 | 경과:  1404.34초
2026-07-02 16:08:31 [INFO] 청크   93 완료 | 처리:   100행 | 성공:   7,851 / 실패:  1,449 | 누적:    9,300/56,831 | 경과:  1420.70초
2026-07-02 16:08:46 [INFO] 청크   94 완료 | 처리:   100행 | 성공:   7,938 / 실패:  1,462 | 누적:    9,400/56,831 | 경과:  1436.12초
2026-07-02 16:09:02 [INFO] 청크   95 완료 | 처리:   100행 | 성공:   8,021 / 실패:  1,479 | 누적:    9,500/56,831 | 경과:  1451.86초
2026-07-02 16:09:17 [INFO] 청크   96 완료 | 처리:   100행 | 성공:   8,107 / 실패:  1,493 | 누적:    9,600/56,831 | 경과:  1467.02초
2026-07-02 16:09:34 [INFO] 청크   97 완료 | 처리:   100행 | 성공:   8,195 / 실패:  1,505 | 누적:    9,700/56,831 | 경과:  1483.49초
2026-07-02 16:09:49 [INFO] 청크   98 완료 | 처리:   100행 | 성공:   8,280 / 실패:  1,520 | 누적:    9,800/56,831 | 경과:  1499.10초
2026-07-02 16:10:03 [INFO] 청크   99 완료 | 처리:   100행 | 성공:   8,359 / 실패:  1,541 | 누적:    9,900/56,831 | 경과:  1512.69초
2026-07-02 16:10:18 [INFO] 청크  100 완료 | 처리:   100행 | 성공:   8,444 / 실패:  1,556 | 누적:   10,000/56,831 | 경과:  1527.72초
2026-07-02 16:10:37 [INFO] 청크  101 완료 | 처리:   100행 | 성공:   8,535 / 실패:  1,565 | 누적:   10,100/56,831 | 경과:  1546.37초
2026-07-02 16:10:52 [INFO] 청크  102 완료 | 처리:   100행 | 성공:   8,621 / 실패:  1,579 | 누적:   10,200/56,831 | 경과:  1562.21초
2026-07-02 16:11:07 [INFO] 청크  103 완료 | 처리:   100행 | 성공:   8,703 / 실패:  1,597 | 누적:   10,300/56,831 | 경과:  1577.02초
2026-07-02 16:11:22 [INFO] 청크  104 완료 | 처리:   100행 | 성공:   8,789 / 실패:  1,611 | 누적:   10,400/56,831 | 경과:  1591.91초
2026-07-02 16:11:38 [INFO] 청크  105 완료 | 처리:   100행 | 성공:   8,874 / 실패:  1,626 | 누적:   10,500/56,831 | 경과:  1607.35초
2026-07-02 16:11:53 [INFO] 청크  106 완료 | 처리:   100행 | 성공:   8,959 / 실패:  1,641 | 누적:   10,600/56,831 | 경과:  1622.63초
2026-07-02 16:12:08 [INFO] 청크  107 완료 | 처리:   100행 | 성공:   9,046 / 실패:  1,654 | 누적:   10,700/56,831 | 경과:  1638.06초
2026-07-02 16:12:23 [INFO] 청크  108 완료 | 처리:   100행 | 성공:   9,126 / 실패:  1,674 | 누적:   10,800/56,831 | 경과:  1652.97초
2026-07-02 16:12:38 [INFO] 청크  109 완료 | 처리:   100행 | 성공:   9,207 / 실패:  1,693 | 누적:   10,900/56,831 | 경과:  1668.20초
2026-07-02 16:12:53 [INFO] 청크  110 완료 | 처리:   100행 | 성공:   9,292 / 실패:  1,708 | 누적:   11,000/56,831 | 경과:  1683.22초
2026-07-02 16:13:08 [INFO] 청크  111 완료 | 처리:   100행 | 성공:   9,371 / 실패:  1,729 | 누적:   11,100/56,831 | 경과:  1698.12초
2026-07-02 16:13:23 [INFO] 청크  112 완료 | 처리:   100행 | 성공:   9,454 / 실패:  1,746 | 누적:   11,200/56,831 | 경과:  1712.73초
2026-07-02 16:13:34 [INFO] 처리 대상 행 수 (emd_cd='-1'): 45,631
2026-07-02 16:13:49 [INFO] 청크    1 완료 | 처리:   100행 | 성공:      83 / 실패:     17 | 누적:      100/45,631 | 경과:    15.09초
2026-07-02 16:14:03 [INFO] 청크    2 완료 | 처리:   100행 | 성공:     166 / 실패:     34 | 누적:      200/45,631 | 경과:    29.89초
2026-07-02 16:14:19 [INFO] 청크    3 완료 | 처리:   100행 | 성공:     251 / 실패:     49 | 누적:      300/45,631 | 경과:    45.19초
2026-07-02 16:14:33 [INFO] 청크    4 완료 | 처리:   100행 | 성공:     334 / 실패:     66 | 누적:      400/45,631 | 경과:    59.57초
2026-07-02 16:14:48 [INFO] 청크    5 완료 | 처리:   100행 | 성공:     417 / 실패:     83 | 누적:      500/45,631 | 경과:    74.93초
2026-07-02 16:15:05 [INFO] 청크    6 완료 | 처리:   100행 | 성공:     504 / 실패:     96 | 누적:      600/45,631 | 경과:    91.19초
2026-07-02 16:15:20 [INFO] 청크    7 완료 | 처리:   100행 | 성공:     583 / 실패:    117 | 누적:      700/45,631 | 경과:   106.20초
2026-07-02 16:15:36 [INFO] 청크    8 완료 | 처리:   100행 | 성공:     668 / 실패:    132 | 누적:      800/45,631 | 경과:   122.01초
2026-07-02 16:15:50 [INFO] 청크    9 완료 | 처리:   100행 | 성공:     751 / 실패:    149 | 누적:      900/45,631 | 경과:   136.91초
2026-07-02 16:16:08 [INFO] 청크   10 완료 | 처리:   100행 | 성공:     836 / 실패:    164 | 누적:    1,000/45,631 | 경과:   154.53초
2026-07-02 16:16:23 [INFO] 청크   11 완료 | 처리:   100행 | 성공:     918 / 실패:    182 | 누적:    1,100/45,631 | 경과:   169.60초
2026-07-02 16:16:38 [INFO] 청크   12 완료 | 처리:   100행 | 성공:     999 / 실패:    201 | 누적:    1,200/45,631 | 경과:   184.67초
2026-07-02 16:16:53 [INFO] 청크   13 완료 | 처리:   100행 | 성공:   1,083 / 실패:    217 | 누적:    1,300/45,631 | 경과:   199.47초
2026-07-02 16:17:08 [INFO] 청크   14 완료 | 처리:   100행 | 성공:   1,166 / 실패:    234 | 누적:    1,400/45,631 | 경과:   214.62초
2026-07-02 16:17:25 [INFO] 청크   15 완료 | 처리:   100행 | 성공:   1,251 / 실패:    249 | 누적:    1,500/45,631 | 경과:   230.96초
2026-07-02 16:17:40 [INFO] 청크   16 완료 | 처리:   100행 | 성공:   1,329 / 실패:    271 | 누적:    1,600/45,631 | 경과:   246.11초
2026-07-02 16:17:55 [INFO] 청크   17 완료 | 처리:   100행 | 성공:   1,413 / 실패:    287 | 누적:    1,700/45,631 | 경과:   261.16초
2026-07-02 16:18:09 [INFO] 청크   18 완료 | 처리:   100행 | 성공:   1,491 / 실패:    309 | 누적:    1,800/45,631 | 경과:   275.59초
2026-07-02 16:18:24 [INFO] 청크   19 완료 | 처리:   100행 | 성공:   1,576 / 실패:    324 | 누적:    1,900/45,631 | 경과:   290.38초
2026-07-02 16:18:39 [INFO] 청크   20 완료 | 처리:   100행 | 성공:   1,661 / 실패:    339 | 누적:    2,000/45,631 | 경과:   305.40초
2026-07-02 16:18:55 [INFO] 청크   21 완료 | 처리:   100행 | 성공:   1,748 / 실패:    352 | 누적:    2,100/45,631 | 경과:   321.17초
2026-07-02 16:19:09 [INFO] 청크   22 완료 | 처리:   100행 | 성공:   1,829 / 실패:    371 | 누적:    2,200/45,631 | 경과:   335.89초
2026-07-02 16:19:24 [INFO] 청크   23 완료 | 처리:   100행 | 성공:   1,909 / 실패:    391 | 누적:    2,300/45,631 | 경과:   350.17초
2026-07-02 16:19:39 [INFO] 청크   24 완료 | 처리:   100행 | 성공:   1,995 / 실패:    405 | 누적:    2,400/45,631 | 경과:   365.87초
2026-07-02 16:19:55 [INFO] 청크   25 완료 | 처리:   100행 | 성공:   2,080 / 실패:    420 | 누적:    2,500/45,631 | 경과:   381.36초
2026-07-02 16:20:10 [INFO] 청크   26 완료 | 처리:   100행 | 성공:   2,163 / 실패:    437 | 누적:    2,600/45,631 | 경과:   396.19초
2026-07-02 16:20:25 [INFO] 청크   27 완료 | 처리:   100행 | 성공:   2,248 / 실패:    452 | 누적:    2,700/45,631 | 경과:   411.14초
2026-07-02 16:20:40 [INFO] 청크   28 완료 | 처리:   100행 | 성공:   2,332 / 실패:    468 | 누적:    2,800/45,631 | 경과:   426.65초
2026-07-02 16:20:54 [INFO] 청크   29 완료 | 처리:   100행 | 성공:   2,408 / 실패:    492 | 누적:    2,900/45,631 | 경과:   440.27초
2026-07-02 16:21:08 [INFO] 청크   30 완료 | 처리:   100행 | 성공:   2,490 / 실패:    510 | 누적:    3,000/45,631 | 경과:   454.67초
2026-07-02 16:21:24 [INFO] 청크   31 완료 | 처리:   100행 | 성공:   2,578 / 실패:    522 | 누적:    3,100/45,631 | 경과:   470.35초
2026-07-02 16:21:39 [INFO] 청크   32 완료 | 처리:   100행 | 성공:   2,662 / 실패:    538 | 누적:    3,200/45,631 | 경과:   485.38초
2026-07-02 16:21:56 [INFO] 청크   33 완료 | 처리:   100행 | 성공:   2,746 / 실패:    554 | 누적:    3,300/45,631 | 경과:   502.11초
2026-07-02 16:22:11 [INFO] 청크   34 완료 | 처리:   100행 | 성공:   2,831 / 실패:    569 | 누적:    3,400/45,631 | 경과:   517.32초
2026-07-02 16:22:26 [INFO] 청크   35 완료 | 처리:   100행 | 성공:   2,913 / 실패:    587 | 누적:    3,500/45,631 | 경과:   532.26초
2026-07-02 16:22:41 [INFO] 청크   36 완료 | 처리:   100행 | 성공:   2,997 / 실패:    603 | 누적:    3,600/45,631 | 경과:   547.72초
2026-07-02 16:22:55 [INFO] 청크   37 완료 | 처리:   100행 | 성공:   3,076 / 실패:    624 | 누적:    3,700/45,631 | 경과:   561.42초
2026-07-02 16:23:10 [INFO] 청크   38 완료 | 처리:   100행 | 성공:   3,160 / 실패:    640 | 누적:    3,800/45,631 | 경과:   576.45초
2026-07-02 16:23:24 [INFO] 청크   39 완료 | 처리:   100행 | 성공:   3,241 / 실패:    659 | 누적:    3,900/45,631 | 경과:   590.66초
2026-07-02 16:23:39 [INFO] 청크   40 완료 | 처리:   100행 | 성공:   3,326 / 실패:    674 | 누적:    4,000/45,631 | 경과:   605.71초
2026-07-02 16:23:55 [INFO] 청크   41 완료 | 처리:   100행 | 성공:   3,407 / 실패:    693 | 누적:    4,100/45,631 | 경과:   620.95초
2026-07-02 16:24:10 [INFO] 청크   42 완료 | 처리:   100행 | 성공:   3,492 / 실패:    708 | 누적:    4,200/45,631 | 경과:   636.06초
2026-07-02 16:24:25 [INFO] 청크   43 완료 | 처리:   100행 | 성공:   3,578 / 실패:    722 | 누적:    4,300/45,631 | 경과:   651.40초
2026-07-02 16:24:41 [INFO] 청크   44 완료 | 처리:   100행 | 성공:   3,664 / 실패:    736 | 누적:    4,400/45,631 | 경과:   667.78초
2026-07-02 16:24:57 [INFO] 청크   45 완료 | 처리:   100행 | 성공:   3,746 / 실패:    754 | 누적:    4,500/45,631 | 경과:   683.76초
2026-07-02 16:25:12 [INFO] 청크   46 완료 | 처리:   100행 | 성공:   3,828 / 실패:    772 | 누적:    4,600/45,631 | 경과:   698.83초
2026-07-02 16:25:27 [INFO] 청크   47 완료 | 처리:   100행 | 성공:   3,911 / 실패:    789 | 누적:    4,700/45,631 | 경과:   713.53초
2026-07-02 16:25:44 [INFO] 청크   48 완료 | 처리:   100행 | 성공:   3,998 / 실패:    802 | 누적:    4,800/45,631 | 경과:   730.02초
2026-07-02 16:25:59 [INFO] 청크   49 완료 | 처리:   100행 | 성공:   4,081 / 실패:    819 | 누적:    4,900/45,631 | 경과:   744.95초
2026-07-02 16:26:13 [INFO] 청크   50 완료 | 처리:   100행 | 성공:   4,162 / 실패:    838 | 누적:    5,000/45,631 | 경과:   759.23초
2026-07-02 16:26:30 [INFO] 청크   51 완료 | 처리:   100행 | 성공:   4,248 / 실패:    852 | 누적:    5,100/45,631 | 경과:   776.20초
2026-07-02 16:26:45 [INFO] 청크   52 완료 | 처리:   100행 | 성공:   4,333 / 실패:    867 | 누적:    5,200/45,631 | 경과:   791.13초
2026-07-02 16:26:59 [INFO] 청크   53 완료 | 처리:   100행 | 성공:   4,416 / 실패:    884 | 누적:    5,300/45,631 | 경과:   805.93초
2026-07-02 16:27:18 [INFO] 청크   54 완료 | 처리:   100행 | 성공:   4,506 / 실패:    894 | 누적:    5,400/45,631 | 경과:   824.29초
2026-07-02 16:27:32 [INFO] 청크   55 완료 | 처리:   100행 | 성공:   4,586 / 실패:    914 | 누적:    5,500/45,631 | 경과:   838.67초
2026-07-02 16:27:48 [INFO] 청크   56 완료 | 처리:   100행 | 성공:   4,671 / 실패:    929 | 누적:    5,600/45,631 | 경과:   854.56초
2026-07-02 16:28:03 [INFO] 청크   57 완료 | 처리:   100행 | 성공:   4,756 / 실패:    944 | 누적:    5,700/45,631 | 경과:   869.39초
2026-07-02 16:28:18 [INFO] 청크   58 완료 | 처리:   100행 | 성공:   4,838 / 실패:    962 | 누적:    5,800/45,631 | 경과:   884.34초
2026-07-02 16:28:32 [INFO] 청크   59 완료 | 처리:   100행 | 성공:   4,921 / 실패:    979 | 누적:    5,900/45,631 | 경과:   898.93초
2026-07-02 16:28:47 [INFO] 청크   60 완료 | 처리:   100행 | 성공:   5,005 / 실패:    995 | 누적:    6,000/45,631 | 경과:   913.75초
2026-07-02 16:29:03 [INFO] 청크   61 완료 | 처리:   100행 | 성공:   5,089 / 실패:  1,011 | 누적:    6,100/45,631 | 경과:   929.32초
2026-07-02 16:29:18 [INFO] 청크   62 완료 | 처리:   100행 | 성공:   5,176 / 실패:  1,024 | 누적:    6,200/45,631 | 경과:   944.36초
2026-07-02 16:29:32 [INFO] 청크   63 완료 | 처리:   100행 | 성공:   5,257 / 실패:  1,043 | 누적:    6,300/45,631 | 경과:   958.54초
2026-07-02 16:29:47 [INFO] 청크   64 완료 | 처리:   100행 | 성공:   5,338 / 실패:  1,062 | 누적:    6,400/45,631 | 경과:   973.20초
2026-07-02 16:30:02 [INFO] 청크   65 완료 | 처리:   100행 | 성공:   5,418 / 실패:  1,082 | 누적:    6,500/45,631 | 경과:   988.71초
2026-07-02 16:30:18 [INFO] 청크   66 완료 | 처리:   100행 | 성공:   5,502 / 실패:  1,098 | 누적:    6,600/45,631 | 경과:  1004.30초
2026-07-02 16:30:33 [INFO] 청크   67 완료 | 처리:   100행 | 성공:   5,588 / 실패:  1,112 | 누적:    6,700/45,631 | 경과:  1019.13초
2026-07-02 16:30:48 [INFO] 청크   68 완료 | 처리:   100행 | 성공:   5,675 / 실패:  1,125 | 누적:    6,800/45,631 | 경과:  1034.80초
2026-07-02 16:31:04 [INFO] 청크   69 완료 | 처리:   100행 | 성공:   5,759 / 실패:  1,141 | 누적:    6,900/45,631 | 경과:  1050.74초
2026-07-02 16:31:19 [INFO] 청크   70 완료 | 처리:   100행 | 성공:   5,842 / 실패:  1,158 | 누적:    7,000/45,631 | 경과:  1065.61초
2026-07-02 16:31:34 [INFO] 청크   71 완료 | 처리:   100행 | 성공:   5,923 / 실패:  1,177 | 누적:    7,100/45,631 | 경과:  1080.58초
2026-07-02 16:31:49 [INFO] 청크   72 완료 | 처리:   100행 | 성공:   6,005 / 실패:  1,195 | 누적:    7,200/45,631 | 경과:  1095.90초
2026-07-02 16:32:05 [INFO] 청크   73 완료 | 처리:   100행 | 성공:   6,085 / 실패:  1,215 | 누적:    7,300/45,631 | 경과:  1110.96초
2026-07-02 16:32:20 [INFO] 청크   74 완료 | 처리:   100행 | 성공:   6,175 / 실패:  1,225 | 누적:    7,400/45,631 | 경과:  1126.57초
2026-07-02 16:32:35 [INFO] 청크   75 완료 | 처리:   100행 | 성공:   6,263 / 실패:  1,237 | 누적:    7,500/45,631 | 경과:  1141.82초
2026-07-02 16:32:50 [INFO] 청크   76 완료 | 처리:   100행 | 성공:   6,344 / 실패:  1,256 | 누적:    7,600/45,631 | 경과:  1156.90초
2026-07-02 16:33:06 [INFO] 청크   77 완료 | 처리:   100행 | 성공:   6,426 / 실패:  1,274 | 누적:    7,700/45,631 | 경과:  1172.54초
2026-07-02 16:33:21 [INFO] 청크   78 완료 | 처리:   100행 | 성공:   6,510 / 실패:  1,290 | 누적:    7,800/45,631 | 경과:  1187.70초
2026-07-02 16:33:36 [INFO] 청크   79 완료 | 처리:   100행 | 성공:   6,592 / 실패:  1,308 | 누적:    7,900/45,631 | 경과:  1202.04초
2026-07-02 16:33:50 [INFO] 청크   80 완료 | 처리:   100행 | 성공:   6,675 / 실패:  1,325 | 누적:    8,000/45,631 | 경과:  1216.88초
2026-07-02 16:34:06 [INFO] 청크   81 완료 | 처리:   100행 | 성공:   6,766 / 실패:  1,334 | 누적:    8,100/45,631 | 경과:  1232.67초
2026-07-02 16:34:22 [INFO] 청크   82 완료 | 처리:   100행 | 성공:   6,850 / 실패:  1,350 | 누적:    8,200/45,631 | 경과:  1248.01초
2026-07-02 16:34:36 [INFO] 청크   83 완료 | 처리:   100행 | 성공:   6,935 / 실패:  1,365 | 누적:    8,300/45,631 | 경과:  1262.58초
2026-07-02 16:34:49 [INFO] 청크   84 완료 | 처리:   100행 | 성공:   7,009 / 실패:  1,391 | 누적:    8,400/45,631 | 경과:  1275.68초
2026-07-02 16:35:04 [INFO] 청크   85 완료 | 처리:   100행 | 성공:   7,092 / 실패:  1,408 | 누적:    8,500/45,631 | 경과:  1290.42초
2026-07-02 16:35:19 [INFO] 청크   86 완료 | 처리:   100행 | 성공:   7,175 / 실패:  1,425 | 누적:    8,600/45,631 | 경과:  1304.97초
2026-07-02 16:35:34 [INFO] 청크   87 완료 | 처리:   100행 | 성공:   7,262 / 실패:  1,438 | 누적:    8,700/45,631 | 경과:  1320.60초
2026-07-02 16:35:50 [INFO] 청크   88 완료 | 처리:   100행 | 성공:   7,350 / 실패:  1,450 | 누적:    8,800/45,631 | 경과:  1336.38초
2026-07-02 16:36:06 [INFO] 청크   89 완료 | 처리:   100행 | 성공:   7,439 / 실패:  1,461 | 누적:    8,900/45,631 | 경과:  1352.41초
2026-07-02 16:36:23 [INFO] 청크   90 완료 | 처리:   100행 | 성공:   7,524 / 실패:  1,476 | 누적:    9,000/45,631 | 경과:  1369.33초
2026-07-02 16:36:38 [INFO] 청크   91 완료 | 처리:   100행 | 성공:   7,607 / 실패:  1,493 | 누적:    9,100/45,631 | 경과:  1383.99초
2026-07-02 16:36:51 [INFO] 청크   92 완료 | 처리:   100행 | 성공:   7,682 / 실패:  1,518 | 누적:    9,200/45,631 | 경과:  1397.27초
2026-07-02 16:37:05 [INFO] 청크   93 완료 | 처리:   100행 | 성공:   7,767 / 실패:  1,533 | 누적:    9,300/45,631 | 경과:  1411.81초
2026-07-02 16:37:19 [INFO] 청크   94 완료 | 처리:   100행 | 성공:   7,844 / 실패:  1,556 | 누적:    9,400/45,631 | 경과:  1425.82초
2026-07-02 16:37:34 [INFO] 청크   95 완료 | 처리:   100행 | 성공:   7,920 / 실패:  1,580 | 누적:    9,500/45,631 | 경과:  1440.01초
2026-07-02 16:37:48 [INFO] 청크   96 완료 | 처리:   100행 | 성공:   8,001 / 실패:  1,599 | 누적:    9,600/45,631 | 경과:  1454.91초
2026-07-02 16:38:05 [INFO] 청크   97 완료 | 처리:   100행 | 성공:   8,089 / 실패:  1,611 | 누적:    9,700/45,631 | 경과:  1471.08초
2026-07-02 16:38:19 [INFO] 청크   98 완료 | 처리:   100행 | 성공:   8,170 / 실패:  1,630 | 누적:    9,800/45,631 | 경과:  1485.12초
2026-07-02 16:38:35 [INFO] 청크   99 완료 | 처리:   100행 | 성공:   8,253 / 실패:  1,647 | 누적:    9,900/45,631 | 경과:  1501.71초
2026-07-02 16:38:52 [INFO] 청크  100 완료 | 처리:   100행 | 성공:   8,348 / 실패:  1,652 | 누적:   10,000/45,631 | 경과:  1518.94초
2026-07-02 16:39:07 [INFO] 청크  101 완료 | 처리:   100행 | 성공:   8,426 / 실패:  1,674 | 누적:   10,100/45,631 | 경과:  1533.63초
2026-07-02 16:39:20 [INFO] 청크  102 완료 | 처리:   100행 | 성공:   8,498 / 실패:  1,702 | 누적:   10,200/45,631 | 경과:  1546.25초
2026-07-02 16:39:35 [INFO] 청크  103 완료 | 처리:   100행 | 성공:   8,585 / 실패:  1,715 | 누적:   10,300/45,631 | 경과:  1561.42초
2026-07-02 16:39:51 [INFO] 청크  104 완료 | 처리:   100행 | 성공:   8,670 / 실패:  1,730 | 누적:   10,400/45,631 | 경과:  1577.16초
2026-07-02 16:40:04 [INFO] 청크  105 완료 | 처리:   100행 | 성공:   8,748 / 실패:  1,752 | 누적:   10,500/45,631 | 경과:  1590.49초
2026-07-02 16:40:19 [INFO] 청크  106 완료 | 처리:   100행 | 성공:   8,832 / 실패:  1,768 | 누적:   10,600/45,631 | 경과:  1605.25초
2026-07-02 16:40:33 [INFO] 청크  107 완료 | 처리:   100행 | 성공:   8,912 / 실패:  1,788 | 누적:   10,700/45,631 | 경과:  1619.54초
2026-07-02 16:40:49 [INFO] 청크  108 완료 | 처리:   100행 | 성공:   8,998 / 실패:  1,802 | 누적:   10,800/45,631 | 경과:  1635.60초
2026-07-02 16:41:05 [INFO] 청크  109 완료 | 처리:   100행 | 성공:   9,085 / 실패:  1,815 | 누적:   10,900/45,631 | 경과:  1651.17초
2026-07-02 16:41:18 [INFO] 청크  110 완료 | 처리:   100행 | 성공:   9,162 / 실패:  1,838 | 누적:   11,000/45,631 | 경과:  1664.46초
2026-07-02 16:41:34 [INFO] 청크  111 완료 | 처리:   100행 | 성공:   9,252 / 실패:  1,848 | 누적:   11,100/45,631 | 경과:  1680.25초
2026-07-02 16:41:49 [INFO] 청크  112 완료 | 처리:   100행 | 성공:   9,334 / 실패:  1,866 | 누적:   11,200/45,631 | 경과:  1695.46초
2026-07-02 16:42:04 [INFO] 청크  113 완료 | 처리:   100행 | 성공:   9,421 / 실패:  1,879 | 누적:   11,300/45,631 | 경과:  1710.85초
2026-07-02 16:42:20 [INFO] 청크  114 완료 | 처리:   100행 | 성공:   9,511 / 실패:  1,889 | 누적:   11,400/45,631 | 경과:  1726.20초
2026-07-02 16:42:35 [INFO] 청크  115 완료 | 처리:   100행 | 성공:   9,597 / 실패:  1,903 | 누적:   11,500/45,631 | 경과:  1741.77초
2026-07-02 16:42:50 [INFO] 청크  116 완료 | 처리:   100행 | 성공:   9,681 / 실패:  1,919 | 누적:   11,600/45,631 | 경과:  1756.47초
2026-07-02 16:43:05 [INFO] 청크  117 완료 | 처리:   100행 | 성공:   9,767 / 실패:  1,933 | 누적:   11,700/45,631 | 경과:  1771.36초
2026-07-02 16:43:20 [INFO] 청크  118 완료 | 처리:   100행 | 성공:   9,850 / 실패:  1,950 | 누적:   11,800/45,631 | 경과:  1786.23초
2026-07-02 16:43:34 [INFO] 청크  119 완료 | 처리:   100행 | 성공:   9,931 / 실패:  1,969 | 누적:   11,900/45,631 | 경과:  1800.37초
2026-07-02 16:43:50 [INFO] 청크  120 완료 | 처리:   100행 | 성공:  10,015 / 실패:  1,985 | 누적:   12,000/45,631 | 경과:  1816.05초
2026-07-02 16:44:06 [INFO] 청크  121 완료 | 처리:   100행 | 성공:  10,096 / 실패:  2,004 | 누적:   12,100/45,631 | 경과:  1832.86초
2026-07-02 16:44:21 [INFO] 청크  122 완료 | 처리:   100행 | 성공:  10,178 / 실패:  2,022 | 누적:   12,200/45,631 | 경과:  1847.65초
2026-07-02 16:44:36 [INFO] 청크  123 완료 | 처리:   100행 | 성공:  10,261 / 실패:  2,039 | 누적:   12,300/45,631 | 경과:  1862.30초
2026-07-02 16:44:50 [INFO] 청크  124 완료 | 처리:   100행 | 성공:  10,337 / 실패:  2,063 | 누적:   12,400/45,631 | 경과:  1876.62초
2026-07-02 16:45:04 [INFO] 청크  125 완료 | 처리:   100행 | 성공:  10,417 / 실패:  2,083 | 누적:   12,500/45,631 | 경과:  1890.72초
2026-07-02 16:45:18 [INFO] 청크  126 완료 | 처리:   100행 | 성공:  10,497 / 실패:  2,103 | 누적:   12,600/45,631 | 경과:  1904.79초
2026-07-02 16:45:33 [INFO] 청크  127 완료 | 처리:   100행 | 성공:  10,579 / 실패:  2,121 | 누적:   12,700/45,631 | 경과:  1919.17초
2026-07-02 16:45:48 [INFO] 청크  128 완료 | 처리:   100행 | 성공:  10,665 / 실패:  2,135 | 누적:   12,800/45,631 | 경과:  1933.97초
2026-07-02 16:46:03 [INFO] 청크  129 완료 | 처리:   100행 | 성공:  10,747 / 실패:  2,153 | 누적:   12,900/45,631 | 경과:  1949.89초
2026-07-02 16:46:18 [INFO] 청크  130 완료 | 처리:   100행 | 성공:  10,830 / 실패:  2,170 | 누적:   13,000/45,631 | 경과:  1964.17초
2026-07-02 16:46:32 [INFO] 청크  131 완료 | 처리:   100행 | 성공:  10,912 / 실패:  2,188 | 누적:   13,100/45,631 | 경과:  1978.26초
2026-07-02 16:46:46 [INFO] 청크  132 완료 | 처리:   100행 | 성공:  10,993 / 실패:  2,207 | 누적:   13,200/45,631 | 경과:  1992.37초
2026-07-02 16:47:03 [INFO] 청크  133 완료 | 처리:   100행 | 성공:  11,079 / 실패:  2,221 | 누적:   13,300/45,631 | 경과:  2008.97초
2026-07-02 16:47:17 [INFO] 청크  134 완료 | 처리:   100행 | 성공:  11,161 / 실패:  2,239 | 누적:   13,400/45,631 | 경과:  2023.84초
2026-07-02 16:47:32 [INFO] 청크  135 완료 | 처리:   100행 | 성공:  11,242 / 실패:  2,258 | 누적:   13,500/45,631 | 경과:  2038.10초
2026-07-02 16:47:47 [INFO] 청크  136 완료 | 처리:   100행 | 성공:  11,325 / 실패:  2,275 | 누적:   13,600/45,631 | 경과:  2053.08초
2026-07-02 16:48:00 [INFO] 청크  137 완료 | 처리:   100행 | 성공:  11,399 / 실패:  2,301 | 누적:   13,700/45,631 | 경과:  2066.06초
2026-07-02 16:48:16 [INFO] 청크  138 완료 | 처리:   100행 | 성공:  11,486 / 실패:  2,314 | 누적:   13,800/45,631 | 경과:  2082.11초
2026-07-02 16:48:30 [INFO] 청크  139 완료 | 처리:   100행 | 성공:  11,567 / 실패:  2,333 | 누적:   13,900/45,631 | 경과:  2096.88초
2026-07-02 16:48:46 [INFO] 청크  140 완료 | 처리:   100행 | 성공:  11,651 / 실패:  2,349 | 누적:   14,000/45,631 | 경과:  2112.37초
2026-07-02 16:49:02 [INFO] 청크  141 완료 | 처리:   100행 | 성공:  11,740 / 실패:  2,360 | 누적:   14,100/45,631 | 경과:  2127.96초
2026-07-02 16:49:17 [INFO] 청크  142 완료 | 처리:   100행 | 성공:  11,828 / 실패:  2,372 | 누적:   14,200/45,631 | 경과:  2143.47초
2026-07-02 16:49:33 [INFO] 청크  143 완료 | 처리:   100행 | 성공:  11,912 / 실패:  2,388 | 누적:   14,300/45,631 | 경과:  2159.41초
2026-07-02 16:49:50 [INFO] 청크  144 완료 | 처리:   100행 | 성공:  11,994 / 실패:  2,406 | 누적:   14,400/45,631 | 경과:  2176.23초
2026-07-02 16:50:05 [INFO] 청크  145 완료 | 처리:   100행 | 성공:  12,079 / 실패:  2,421 | 누적:   14,500/45,631 | 경과:  2191.58초
2026-07-02 16:50:20 [INFO] 청크  146 완료 | 처리:   100행 | 성공:  12,160 / 실패:  2,440 | 누적:   14,600/45,631 | 경과:  2205.99초
2026-07-02 16:50:34 [INFO] 청크  147 완료 | 처리:   100행 | 성공:  12,242 / 실패:  2,458 | 누적:   14,700/45,631 | 경과:  2220.34초
2026-07-02 16:50:50 [INFO] 청크  148 완료 | 처리:   100행 | 성공:  12,328 / 실패:  2,472 | 누적:   14,800/45,631 | 경과:  2236.32초
2026-07-02 16:51:05 [INFO] 청크  149 완료 | 처리:   100행 | 성공:  12,413 / 실패:  2,487 | 누적:   14,900/45,631 | 경과:  2251.03초
2026-07-02 16:51:20 [INFO] 청크  150 완료 | 처리:   100행 | 성공:  12,500 / 실패:  2,500 | 누적:   15,000/45,631 | 경과:  2266.16초
2026-07-02 16:51:35 [INFO] 청크  151 완료 | 처리:   100행 | 성공:  12,587 / 실패:  2,513 | 누적:   15,100/45,631 | 경과:  2281.65초
2026-07-02 16:51:48 [INFO] 청크  152 완료 | 처리:   100행 | 성공:  12,660 / 실패:  2,540 | 누적:   15,200/45,631 | 경과:  2294.59초
2026-07-02 16:52:04 [INFO] 청크  153 완료 | 처리:   100행 | 성공:  12,745 / 실패:  2,555 | 누적:   15,300/45,631 | 경과:  2310.25초
2026-07-02 16:52:19 [INFO] 청크  154 완료 | 처리:   100행 | 성공:  12,832 / 실패:  2,568 | 누적:   15,400/45,631 | 경과:  2325.75초
2026-07-02 16:52:33 [INFO] 청크  155 완료 | 처리:   100행 | 성공:  12,911 / 실패:  2,589 | 누적:   15,500/45,631 | 경과:  2339.94초
2026-07-02 16:52:49 [INFO] 청크  156 완료 | 처리:   100행 | 성공:  12,998 / 실패:  2,602 | 누적:   15,600/45,631 | 경과:  2355.27초
2026-07-02 16:53:03 [INFO] 청크  157 완료 | 처리:   100행 | 성공:  13,078 / 실패:  2,622 | 누적:   15,700/45,631 | 경과:  2369.41초
2026-07-02 16:53:18 [INFO] 청크  158 완료 | 처리:   100행 | 성공:  13,160 / 실패:  2,640 | 누적:   15,800/45,631 | 경과:  2384.69초
2026-07-02 16:53:33 [INFO] 청크  159 완료 | 처리:   100행 | 성공:  13,242 / 실패:  2,658 | 누적:   15,900/45,631 | 경과:  2399.32초
2026-07-02 16:53:49 [INFO] 청크  160 완료 | 처리:   100행 | 성공:  13,330 / 실패:  2,670 | 누적:   16,000/45,631 | 경과:  2414.99초
2026-07-02 16:54:04 [INFO] 청크  161 완료 | 처리:   100행 | 성공:  13,411 / 실패:  2,689 | 누적:   16,100/45,631 | 경과:  2429.96초
2026-07-02 16:54:18 [INFO] 청크  162 완료 | 처리:   100행 | 성공:  13,495 / 실패:  2,705 | 누적:   16,200/45,631 | 경과:  2444.60초
2026-07-02 16:54:33 [INFO] 청크  163 완료 | 처리:   100행 | 성공:  13,582 / 실패:  2,718 | 누적:   16,300/45,631 | 경과:  2459.30초
2026-07-02 16:54:48 [INFO] 청크  164 완료 | 처리:   100행 | 성공:  13,665 / 실패:  2,735 | 누적:   16,400/45,631 | 경과:  2474.31초
2026-07-02 16:55:00 [INFO] 청크  165 완료 | 처리:   100행 | 성공:  13,735 / 실패:  2,765 | 누적:   16,500/45,631 | 경과:  2486.60초
2026-07-02 16:55:15 [INFO] 청크  166 완료 | 처리:   100행 | 성공:  13,820 / 실패:  2,780 | 누적:   16,600/45,631 | 경과:  2501.58초
2026-07-02 16:55:32 [INFO] 청크  167 완료 | 처리:   100행 | 성공:  13,908 / 실패:  2,792 | 누적:   16,700/45,631 | 경과:  2518.88초
2026-07-02 16:55:47 [INFO] 청크  168 완료 | 처리:   100행 | 성공:  13,989 / 실패:  2,811 | 누적:   16,800/45,631 | 경과:  2533.90초
2026-07-02 16:56:03 [INFO] 청크  169 완료 | 처리:   100행 | 성공:  14,074 / 실패:  2,826 | 누적:   16,900/45,631 | 경과:  2549.63초
2026-07-02 16:56:18 [INFO] 청크  170 완료 | 처리:   100행 | 성공:  14,160 / 실패:  2,840 | 누적:   17,000/45,631 | 경과:  2564.70초
2026-07-02 16:56:33 [INFO] 청크  171 완료 | 처리:   100행 | 성공:  14,244 / 실패:  2,856 | 누적:   17,100/45,631 | 경과:  2579.57초
2026-07-02 16:56:50 [INFO] 청크  172 완료 | 처리:   100행 | 성공:  14,332 / 실패:  2,868 | 누적:   17,200/45,631 | 경과:  2596.47초
2026-07-02 16:57:06 [INFO] 청크  173 완료 | 처리:   100행 | 성공:  14,418 / 실패:  2,882 | 누적:   17,300/45,631 | 경과:  2612.29초
2026-07-02 16:57:22 [INFO] 청크  174 완료 | 처리:   100행 | 성공:  14,512 / 실패:  2,888 | 누적:   17,400/45,631 | 경과:  2628.72초
2026-07-02 16:57:36 [INFO] 청크  175 완료 | 처리:   100행 | 성공:  14,590 / 실패:  2,910 | 누적:   17,500/45,631 | 경과:  2642.81초
2026-07-02 16:57:52 [INFO] 청크  176 완료 | 처리:   100행 | 성공:  14,672 / 실패:  2,928 | 누적:   17,600/45,631 | 경과:  2658.52초
2026-07-02 16:58:06 [INFO] 청크  177 완료 | 처리:   100행 | 성공:  14,746 / 실패:  2,954 | 누적:   17,700/45,631 | 경과:  2672.55초
2026-07-02 16:58:20 [INFO] 청크  178 완료 | 처리:   100행 | 성공:  14,821 / 실패:  2,979 | 누적:   17,800/45,631 | 경과:  2686.63초
2026-07-02 16:58:35 [INFO] 청크  179 완료 | 처리:   100행 | 성공:  14,905 / 실패:  2,995 | 누적:   17,900/45,631 | 경과:  2701.56초
2026-07-02 16:58:51 [INFO] 청크  180 완료 | 처리:   100행 | 성공:  14,989 / 실패:  3,011 | 누적:   18,000/45,631 | 경과:  2717.14초
2026-07-02 16:59:05 [INFO] 청크  181 완료 | 처리:   100행 | 성공:  15,074 / 실패:  3,026 | 누적:   18,100/45,631 | 경과:  2731.87초
2026-07-02 16:59:21 [INFO] 청크  182 완료 | 처리:   100행 | 성공:  15,157 / 실패:  3,043 | 누적:   18,200/45,631 | 경과:  2747.30초
2026-07-02 16:59:36 [INFO] 청크  183 완료 | 처리:   100행 | 성공:  15,243 / 실패:  3,057 | 누적:   18,300/45,631 | 경과:  2762.43초
2026-07-02 16:59:52 [INFO] 청크  184 완료 | 처리:   100행 | 성공:  15,327 / 실패:  3,073 | 누적:   18,400/45,631 | 경과:  2777.95초
2026-07-02 17:00:07 [INFO] 청크  185 완료 | 처리:   100행 | 성공:  15,414 / 실패:  3,086 | 누적:   18,500/45,631 | 경과:  2793.54초
2026-07-02 17:00:23 [INFO] 청크  186 완료 | 처리:   100행 | 성공:  15,499 / 실패:  3,101 | 누적:   18,600/45,631 | 경과:  2809.44초
2026-07-02 17:00:39 [INFO] 청크  187 완료 | 처리:   100행 | 성공:  15,585 / 실패:  3,115 | 누적:   18,700/45,631 | 경과:  2824.98초
2026-07-02 17:00:55 [INFO] 청크  188 완료 | 처리:   100행 | 성공:  15,665 / 실패:  3,135 | 누적:   18,800/45,631 | 경과:  2841.20초
2026-07-02 17:01:10 [INFO] 청크  189 완료 | 처리:   100행 | 성공:  15,749 / 실패:  3,151 | 누적:   18,900/45,631 | 경과:  2856.53초
2026-07-02 17:01:24 [INFO] 청크  190 완료 | 처리:   100행 | 성공:  15,827 / 실패:  3,173 | 누적:   19,000/45,631 | 경과:  2870.47초
2026-07-02 17:01:39 [INFO] 청크  191 완료 | 처리:   100행 | 성공:  15,914 / 실패:  3,186 | 누적:   19,100/45,631 | 경과:  2885.82초
2026-07-02 17:01:55 [INFO] 청크  192 완료 | 처리:   100행 | 성공:  16,005 / 실패:  3,195 | 누적:   19,200/45,631 | 경과:  2901.48초
2026-07-02 17:02:11 [INFO] 청크  193 완료 | 처리:   100행 | 성공:  16,094 / 실패:  3,206 | 누적:   19,300/45,631 | 경과:  2917.83초
2026-07-02 17:02:26 [INFO] 청크  194 완료 | 처리:   100행 | 성공:  16,181 / 실패:  3,219 | 누적:   19,400/45,631 | 경과:  2932.69초
2026-07-02 17:02:41 [INFO] 청크  195 완료 | 처리:   100행 | 성공:  16,261 / 실패:  3,239 | 누적:   19,500/45,631 | 경과:  2947.67초
2026-07-02 17:02:56 [INFO] 청크  196 완료 | 처리:   100행 | 성공:  16,344 / 실패:  3,256 | 누적:   19,600/45,631 | 경과:  2962.56초
2026-07-02 17:03:11 [INFO] 청크  197 완료 | 처리:   100행 | 성공:  16,430 / 실패:  3,270 | 누적:   19,700/45,631 | 경과:  2977.65초
2026-07-02 17:03:26 [INFO] 청크  198 완료 | 처리:   100행 | 성공:  16,517 / 실패:  3,283 | 누적:   19,800/45,631 | 경과:  2992.90초
2026-07-02 17:03:41 [INFO] 청크  199 완료 | 처리:   100행 | 성공:  16,602 / 실패:  3,298 | 누적:   19,900/45,631 | 경과:  3007.86초
2026-07-02 17:03:56 [INFO] 청크  200 완료 | 처리:   100행 | 성공:  16,686 / 실패:  3,314 | 누적:   20,000/45,631 | 경과:  3022.74초
2026-07-02 17:04:11 [INFO] 청크  201 완료 | 처리:   100행 | 성공:  16,769 / 실패:  3,331 | 누적:   20,100/45,631 | 경과:  3037.93초
2026-07-02 17:04:27 [INFO] 청크  202 완료 | 처리:   100행 | 성공:  16,855 / 실패:  3,345 | 누적:   20,200/45,631 | 경과:  3053.38초
2026-07-02 17:04:43 [INFO] 청크  203 완료 | 처리:   100행 | 성공:  16,940 / 실패:  3,360 | 누적:   20,300/45,631 | 경과:  3069.07초
2026-07-02 17:04:59 [INFO] 청크  204 완료 | 처리:   100행 | 성공:  17,029 / 실패:  3,371 | 누적:   20,400/45,631 | 경과:  3085.13초
2026-07-02 17:05:14 [INFO] 청크  205 완료 | 처리:   100행 | 성공:  17,109 / 실패:  3,391 | 누적:   20,500/45,631 | 경과:  3100.07초
2026-07-02 17:05:29 [INFO] 청크  206 완료 | 처리:   100행 | 성공:  17,196 / 실패:  3,404 | 누적:   20,600/45,631 | 경과:  3115.71초
2026-07-02 17:05:45 [INFO] 청크  207 완료 | 처리:   100행 | 성공:  17,281 / 실패:  3,419 | 누적:   20,700/45,631 | 경과:  3131.21초
2026-07-02 17:06:01 [INFO] 청크  208 완료 | 처리:   100행 | 성공:  17,363 / 실패:  3,437 | 누적:   20,800/45,631 | 경과:  3146.96초
2026-07-02 17:06:16 [INFO] 청크  209 완료 | 처리:   100행 | 성공:  17,442 / 실패:  3,458 | 누적:   20,900/45,631 | 경과:  3162.63초
2026-07-02 17:06:33 [INFO] 청크  210 완료 | 처리:   100행 | 성공:  17,526 / 실패:  3,474 | 누적:   21,000/45,631 | 경과:  3179.89초
2026-07-02 17:06:49 [INFO] 청크  211 완료 | 처리:   100행 | 성공:  17,612 / 실패:  3,488 | 누적:   21,100/45,631 | 경과:  3195.24초
2026-07-02 17:07:04 [INFO] 청크  212 완료 | 처리:   100행 | 성공:  17,695 / 실패:  3,505 | 누적:   21,200/45,631 | 경과:  3210.75초
2026-07-02 17:07:19 [INFO] 청크  213 완료 | 처리:   100행 | 성공:  17,779 / 실패:  3,521 | 누적:   21,300/45,631 | 경과:  3225.42초
2026-07-02 17:07:34 [INFO] 청크  214 완료 | 처리:   100행 | 성공:  17,865 / 실패:  3,535 | 누적:   21,400/45,631 | 경과:  3240.21초
2026-07-02 17:07:49 [INFO] 청크  215 완료 | 처리:   100행 | 성공:  17,952 / 실패:  3,548 | 누적:   21,500/45,631 | 경과:  3255.51초
2026-07-02 17:08:03 [INFO] 청크  216 완료 | 처리:   100행 | 성공:  18,032 / 실패:  3,568 | 누적:   21,600/45,631 | 경과:  3269.88초
2026-07-02 17:08:18 [INFO] 청크  217 완료 | 처리:   100행 | 성공:  18,113 / 실패:  3,587 | 누적:   21,700/45,631 | 경과:  3284.25초
2026-07-02 17:08:32 [INFO] 청크  218 완료 | 처리:   100행 | 성공:  18,193 / 실패:  3,607 | 누적:   21,800/45,631 | 경과:  3298.04초
2026-07-02 17:08:48 [INFO] 청크  219 완료 | 처리:   100행 | 성공:  18,278 / 실패:  3,622 | 누적:   21,900/45,631 | 경과:  3314.28초
2026-07-02 17:09:03 [INFO] 청크  220 완료 | 처리:   100행 | 성공:  18,360 / 실패:  3,640 | 누적:   22,000/45,631 | 경과:  3329.47초
2026-07-02 17:09:20 [INFO] 청크  221 완료 | 처리:   100행 | 성공:  18,446 / 실패:  3,654 | 누적:   22,100/45,631 | 경과:  3346.50초
2026-07-02 17:09:34 [INFO] 청크  222 완료 | 처리:   100행 | 성공:  18,526 / 실패:  3,674 | 누적:   22,200/45,631 | 경과:  3360.76초
2026-07-02 17:09:49 [INFO] 청크  223 완료 | 처리:   100행 | 성공:  18,611 / 실패:  3,689 | 누적:   22,300/45,631 | 경과:  3375.82초
2026-07-02 17:10:04 [INFO] 청크  224 완료 | 처리:   100행 | 성공:  18,696 / 실패:  3,704 | 누적:   22,400/45,631 | 경과:  3390.56초
2026-07-02 17:10:19 [INFO] 청크  225 완료 | 처리:   100행 | 성공:  18,777 / 실패:  3,723 | 누적:   22,500/45,631 | 경과:  3405.90초
2026-07-02 17:10:35 [INFO] 청크  226 완료 | 처리:   100행 | 성공:  18,861 / 실패:  3,739 | 누적:   22,600/45,631 | 경과:  3421.12초
2026-07-02 17:10:50 [INFO] 청크  227 완료 | 처리:   100행 | 성공:  18,948 / 실패:  3,752 | 누적:   22,700/45,631 | 경과:  3436.21초
2026-07-02 17:11:05 [INFO] 청크  228 완료 | 처리:   100행 | 성공:  19,031 / 실패:  3,769 | 누적:   22,800/45,631 | 경과:  3451.46초
2026-07-02 17:11:20 [INFO] 청크  229 완료 | 처리:   100행 | 성공:  19,114 / 실패:  3,786 | 누적:   22,900/45,631 | 경과:  3466.12초
2026-07-02 17:11:34 [INFO] 청크  230 완료 | 처리:   100행 | 성공:  19,194 / 실패:  3,806 | 누적:   23,000/45,631 | 경과:  3480.17초
2026-07-02 17:11:49 [INFO] 청크  231 완료 | 처리:   100행 | 성공:  19,277 / 실패:  3,823 | 누적:   23,100/45,631 | 경과:  3495.13초
2026-07-02 17:12:01 [INFO] 청크  232 완료 | 처리:   100행 | 성공:  19,351 / 실패:  3,849 | 누적:   23,200/45,631 | 경과:  3507.91초
2026-07-02 17:12:17 [INFO] 청크  233 완료 | 처리:   100행 | 성공:  19,427 / 실패:  3,873 | 누적:   23,300/45,631 | 경과:  3523.36초
2026-07-02 17:12:31 [INFO] 청크  234 완료 | 처리:   100행 | 성공:  19,503 / 실패:  3,897 | 누적:   23,400/45,631 | 경과:  3537.72초
2026-07-02 17:12:46 [INFO] 청크  235 완료 | 처리:   100행 | 성공:  19,584 / 실패:  3,916 | 누적:   23,500/45,631 | 경과:  3552.83초
2026-07-02 17:13:01 [INFO] 청크  236 완료 | 처리:   100행 | 성공:  19,663 / 실패:  3,937 | 누적:   23,600/45,631 | 경과:  3567.03초
2026-07-02 17:13:16 [INFO] 청크  237 완료 | 처리:   100행 | 성공:  19,750 / 실패:  3,950 | 누적:   23,700/45,631 | 경과:  3582.10초
2026-07-02 17:13:31 [INFO] 청크  238 완료 | 처리:   100행 | 성공:  19,833 / 실패:  3,967 | 누적:   23,800/45,631 | 경과:  3597.60초
2026-07-02 17:13:48 [INFO] 청크  239 완료 | 처리:   100행 | 성공:  19,924 / 실패:  3,976 | 누적:   23,900/45,631 | 경과:  3614.65초
2026-07-02 17:14:03 [INFO] 청크  240 완료 | 처리:   100행 | 성공:  20,007 / 실패:  3,993 | 누적:   24,000/45,631 | 경과:  3629.82초
2026-07-02 17:14:17 [INFO] 청크  241 완료 | 처리:   100행 | 성공:  20,086 / 실패:  4,014 | 누적:   24,100/45,631 | 경과:  3643.94초
2026-07-02 17:14:32 [INFO] 청크  242 완료 | 처리:   100행 | 성공:  20,169 / 실패:  4,031 | 누적:   24,200/45,631 | 경과:  3658.37초
2026-07-02 17:14:48 [INFO] 청크  243 완료 | 처리:   100행 | 성공:  20,252 / 실패:  4,048 | 누적:   24,300/45,631 | 경과:  3674.16초
2026-07-02 17:15:05 [INFO] 청크  244 완료 | 처리:   100행 | 성공:  20,346 / 실패:  4,054 | 누적:   24,400/45,631 | 경과:  3691.22초
2026-07-02 17:15:19 [INFO] 청크  245 완료 | 처리:   100행 | 성공:  20,432 / 실패:  4,068 | 누적:   24,500/45,631 | 경과:  3705.87초
2026-07-02 17:15:35 [INFO] 청크  246 완료 | 처리:   100행 | 성공:  20,516 / 실패:  4,084 | 누적:   24,600/45,631 | 경과:  3721.12초
2026-07-02 17:15:50 [INFO] 청크  247 완료 | 처리:   100행 | 성공:  20,601 / 실패:  4,099 | 누적:   24,700/45,631 | 경과:  3736.93초
2026-07-02 17:16:05 [INFO] 청크  248 완료 | 처리:   100행 | 성공:  20,683 / 실패:  4,117 | 누적:   24,800/45,631 | 경과:  3751.27초
2026-07-02 17:16:19 [INFO] 청크  249 완료 | 처리:   100행 | 성공:  20,765 / 실패:  4,135 | 누적:   24,900/45,631 | 경과:  3765.59초
2026-07-02 17:16:34 [INFO] 청크  250 완료 | 처리:   100행 | 성공:  20,847 / 실패:  4,153 | 누적:   25,000/45,631 | 경과:  3780.29초
2026-07-02 17:16:50 [INFO] 청크  251 완료 | 처리:   100행 | 성공:  20,932 / 실패:  4,168 | 누적:   25,100/45,631 | 경과:  3796.10초
2026-07-02 17:17:04 [INFO] 청크  252 완료 | 처리:   100행 | 성공:  21,012 / 실패:  4,188 | 누적:   25,200/45,631 | 경과:  3810.28초
2026-07-02 17:17:19 [INFO] 청크  253 완료 | 처리:   100행 | 성공:  21,097 / 실패:  4,203 | 누적:   25,300/45,631 | 경과:  3825.69초
2026-07-02 17:17:35 [INFO] 청크  254 완료 | 처리:   100행 | 성공:  21,179 / 실패:  4,221 | 누적:   25,400/45,631 | 경과:  3841.49초
2026-07-02 17:17:52 [INFO] 청크  255 완료 | 처리:   100행 | 성공:  21,263 / 실패:  4,237 | 누적:   25,500/45,631 | 경과:  3858.65초
2026-07-02 17:18:06 [INFO] 청크  256 완료 | 처리:   100행 | 성공:  21,343 / 실패:  4,257 | 누적:   25,600/45,631 | 경과:  3872.94초
2026-07-02 17:18:22 [INFO] 청크  257 완료 | 처리:   100행 | 성공:  21,424 / 실패:  4,276 | 누적:   25,700/45,631 | 경과:  3888.45초
2026-07-02 17:18:37 [INFO] 청크  258 완료 | 처리:   100행 | 성공:  21,507 / 실패:  4,293 | 누적:   25,800/45,631 | 경과:  3903.11초
2026-07-02 17:18:51 [INFO] 청크  259 완료 | 처리:   100행 | 성공:  21,591 / 실패:  4,309 | 누적:   25,900/45,631 | 경과:  3917.67초
2026-07-02 17:19:07 [INFO] 청크  260 완료 | 처리:   100행 | 성공:  21,671 / 실패:  4,329 | 누적:   26,000/45,631 | 경과:  3933.06초
2026-07-02 17:19:22 [INFO] 청크  261 완료 | 처리:   100행 | 성공:  21,752 / 실패:  4,348 | 누적:   26,100/45,631 | 경과:  3948.21초
2026-07-02 17:19:36 [INFO] 청크  262 완료 | 처리:   100행 | 성공:  21,831 / 실패:  4,369 | 누적:   26,200/45,631 | 경과:  3962.17초
2026-07-02 17:19:51 [INFO] 청크  263 완료 | 처리:   100행 | 성공:  21,916 / 실패:  4,384 | 누적:   26,300/45,631 | 경과:  3977.65초
2026-07-02 17:20:08 [INFO] 청크  264 완료 | 처리:   100행 | 성공:  22,007 / 실패:  4,393 | 누적:   26,400/45,631 | 경과:  3994.57초
2026-07-02 17:20:23 [INFO] 청크  265 완료 | 처리:   100행 | 성공:  22,091 / 실패:  4,409 | 누적:   26,500/45,631 | 경과:  4009.85초
2026-07-02 17:20:36 [INFO] 청크  266 완료 | 처리:   100행 | 성공:  22,165 / 실패:  4,435 | 누적:   26,600/45,631 | 경과:  4022.70초
2026-07-02 17:20:52 [INFO] 청크  267 완료 | 처리:   100행 | 성공:  22,250 / 실패:  4,450 | 누적:   26,700/45,631 | 경과:  4038.57초
2026-07-02 17:21:09 [INFO] 청크  268 완료 | 처리:   100행 | 성공:  22,337 / 실패:  4,463 | 누적:   26,800/45,631 | 경과:  4055.09초
2026-07-02 17:21:24 [INFO] 청크  269 완료 | 처리:   100행 | 성공:  22,422 / 실패:  4,478 | 누적:   26,900/45,631 | 경과:  4070.19초
2026-07-02 17:21:39 [INFO] 청크  270 완료 | 처리:   100행 | 성공:  22,509 / 실패:  4,491 | 누적:   27,000/45,631 | 경과:  4085.72초
2026-07-02 17:21:54 [INFO] 청크  271 완료 | 처리:   100행 | 성공:  22,594 / 실패:  4,506 | 누적:   27,100/45,631 | 경과:  4100.46초
2026-07-02 17:22:09 [INFO] 청크  272 완료 | 처리:   100행 | 성공:  22,678 / 실패:  4,522 | 누적:   27,200/45,631 | 경과:  4115.60초
2026-07-02 17:22:24 [INFO] 청크  273 완료 | 처리:   100행 | 성공:  22,758 / 실패:  4,542 | 누적:   27,300/45,631 | 경과:  4129.95초
2026-07-02 17:22:39 [INFO] 청크  274 완료 | 처리:   100행 | 성공:  22,837 / 실패:  4,563 | 누적:   27,400/45,631 | 경과:  4145.33초
2026-07-02 17:22:53 [INFO] 청크  275 완료 | 처리:   100행 | 성공:  22,916 / 실패:  4,584 | 누적:   27,500/45,631 | 경과:  4159.06초
2026-07-02 17:23:08 [INFO] 청크  276 완료 | 처리:   100행 | 성공:  23,006 / 실패:  4,594 | 누적:   27,600/45,631 | 경과:  4174.86초
2026-07-02 17:23:26 [INFO] 청크  277 완료 | 처리:   100행 | 성공:  23,093 / 실패:  4,607 | 누적:   27,700/45,631 | 경과:  4192.60초
2026-07-02 17:23:41 [INFO] 청크  278 완료 | 처리:   100행 | 성공:  23,174 / 실패:  4,626 | 누적:   27,800/45,631 | 경과:  4207.76초
2026-07-02 17:23:56 [INFO] 청크  279 완료 | 처리:   100행 | 성공:  23,256 / 실패:  4,644 | 누적:   27,900/45,631 | 경과:  4222.62초
2026-07-02 17:24:11 [INFO] 청크  280 완료 | 처리:   100행 | 성공:  23,339 / 실패:  4,661 | 누적:   28,000/45,631 | 경과:  4237.82초
2026-07-02 17:24:27 [INFO] 청크  281 완료 | 처리:   100행 | 성공:  23,426 / 실패:  4,674 | 누적:   28,100/45,631 | 경과:  4253.18초
2026-07-02 17:24:41 [INFO] 청크  282 완료 | 처리:   100행 | 성공:  23,509 / 실패:  4,691 | 누적:   28,200/45,631 | 경과:  4267.83초
2026-07-02 17:24:57 [INFO] 청크  283 완료 | 처리:   100행 | 성공:  23,592 / 실패:  4,708 | 누적:   28,300/45,631 | 경과:  4283.46초
2026-07-02 17:25:12 [INFO] 청크  284 완료 | 처리:   100행 | 성공:  23,678 / 실패:  4,722 | 누적:   28,400/45,631 | 경과:  4298.19초
2026-07-02 17:25:27 [INFO] 청크  285 완료 | 처리:   100행 | 성공:  23,764 / 실패:  4,736 | 누적:   28,500/45,631 | 경과:  4313.86초
2026-07-02 17:25:42 [INFO] 청크  286 완료 | 처리:   100행 | 성공:  23,846 / 실패:  4,754 | 누적:   28,600/45,631 | 경과:  4328.66초
2026-07-02 17:25:57 [INFO] 청크  287 완료 | 처리:   100행 | 성공:  23,934 / 실패:  4,766 | 누적:   28,700/45,631 | 경과:  4343.73초
2026-07-02 17:26:13 [INFO] 청크  288 완료 | 처리:   100행 | 성공:  24,021 / 실패:  4,779 | 누적:   28,800/45,631 | 경과:  4359.05초
2026-07-02 17:26:28 [INFO] 청크  289 완료 | 처리:   100행 | 성공:  24,108 / 실패:  4,792 | 누적:   28,900/45,631 | 경과:  4373.97초
2026-07-02 17:26:42 [INFO] 청크  290 완료 | 처리:   100행 | 성공:  24,194 / 실패:  4,806 | 누적:   29,000/45,631 | 경과:  4388.57초
2026-07-02 17:26:57 [INFO] 청크  291 완료 | 처리:   100행 | 성공:  24,280 / 실패:  4,820 | 누적:   29,100/45,631 | 경과:  4403.48초
2026-07-02 17:27:12 [INFO] 청크  292 완료 | 처리:   100행 | 성공:  24,365 / 실패:  4,835 | 누적:   29,200/45,631 | 경과:  4418.46초
2026-07-02 17:27:26 [INFO] 청크  293 완료 | 처리:   100행 | 성공:  24,448 / 실패:  4,852 | 누적:   29,300/45,631 | 경과:  4432.79초
2026-07-02 17:27:40 [INFO] 청크  294 완료 | 처리:   100행 | 성공:  24,530 / 실패:  4,870 | 누적:   29,400/45,631 | 경과:  4446.81초
2026-07-02 17:27:56 [INFO] 청크  295 완료 | 처리:   100행 | 성공:  24,616 / 실패:  4,884 | 누적:   29,500/45,631 | 경과:  4462.63초
2026-07-02 17:28:11 [INFO] 청크  296 완료 | 처리:   100행 | 성공:  24,700 / 실패:  4,900 | 누적:   29,600/45,631 | 경과:  4477.47초
2026-07-02 17:28:27 [INFO] 청크  297 완료 | 처리:   100행 | 성공:  24,786 / 실패:  4,914 | 누적:   29,700/45,631 | 경과:  4493.54초
2026-07-02 17:28:43 [INFO] 청크  298 완료 | 처리:   100행 | 성공:  24,870 / 실패:  4,930 | 누적:   29,800/45,631 | 경과:  4509.20초
2026-07-02 17:29:00 [INFO] 청크  299 완료 | 처리:   100행 | 성공:  24,956 / 실패:  4,944 | 누적:   29,900/45,631 | 경과:  4526.49초
2026-07-02 17:29:16 [INFO] 청크  300 완료 | 처리:   100행 | 성공:  25,040 / 실패:  4,960 | 누적:   30,000/45,631 | 경과:  4542.69초
2026-07-02 17:29:31 [INFO] 청크  301 완료 | 처리:   100행 | 성공:  25,123 / 실패:  4,977 | 누적:   30,100/45,631 | 경과:  4557.47초
2026-07-02 17:29:47 [INFO] 청크  302 완료 | 처리:   100행 | 성공:  25,213 / 실패:  4,987 | 누적:   30,200/45,631 | 경과:  4572.95초
2026-07-02 17:30:01 [INFO] 청크  303 완료 | 처리:   100행 | 성공:  25,295 / 실패:  5,005 | 누적:   30,300/45,631 | 경과:  4587.18초
2026-07-02 17:30:15 [INFO] 청크  304 완료 | 처리:   100행 | 성공:  25,375 / 실패:  5,025 | 누적:   30,400/45,631 | 경과:  4601.12초
2026-07-02 17:30:29 [INFO] 청크  305 완료 | 처리:   100행 | 성공:  25,458 / 실패:  5,042 | 누적:   30,500/45,631 | 경과:  4615.73초
2026-07-02 17:30:43 [INFO] 청크  306 완료 | 처리:   100행 | 성공:  25,539 / 실패:  5,061 | 누적:   30,600/45,631 | 경과:  4629.40초
2026-07-02 17:30:59 [INFO] 청크  307 완료 | 처리:   100행 | 성공:  25,624 / 실패:  5,076 | 누적:   30,700/45,631 | 경과:  4645.00초
2026-07-02 17:31:13 [INFO] 청크  308 완료 | 처리:   100행 | 성공:  25,712 / 실패:  5,088 | 누적:   30,800/45,631 | 경과:  4659.93초
2026-07-02 17:31:29 [INFO] 청크  309 완료 | 처리:   100행 | 성공:  25,800 / 실패:  5,100 | 누적:   30,900/45,631 | 경과:  4675.02초
2026-07-02 17:31:43 [INFO] 청크  310 완료 | 처리:   100행 | 성공:  25,882 / 실패:  5,118 | 누적:   31,000/45,631 | 경과:  4689.73초
2026-07-02 17:31:58 [INFO] 청크  311 완료 | 처리:   100행 | 성공:  25,965 / 실패:  5,135 | 누적:   31,100/45,631 | 경과:  4704.66초
2026-07-02 17:32:13 [INFO] 청크  312 완료 | 처리:   100행 | 성공:  26,049 / 실패:  5,151 | 누적:   31,200/45,631 | 경과:  4719.81초
2026-07-02 17:32:29 [INFO] 청크  313 완료 | 처리:   100행 | 성공:  26,132 / 실패:  5,168 | 누적:   31,300/45,631 | 경과:  4735.93초
2026-07-02 17:32:45 [INFO] 청크  314 완료 | 처리:   100행 | 성공:  26,219 / 실패:  5,181 | 누적:   31,400/45,631 | 경과:  4751.61초
2026-07-02 17:33:01 [INFO] 청크  315 완료 | 처리:   100행 | 성공:  26,306 / 실패:  5,194 | 누적:   31,500/45,631 | 경과:  4767.68초
2026-07-02 17:33:16 [INFO] 청크  316 완료 | 처리:   100행 | 성공:  26,389 / 실패:  5,211 | 누적:   31,600/45,631 | 경과:  4782.57초
2026-07-02 17:33:31 [INFO] 청크  317 완료 | 처리:   100행 | 성공:  26,471 / 실패:  5,229 | 누적:   31,700/45,631 | 경과:  4797.70초
2026-07-02 17:33:45 [INFO] 청크  318 완료 | 처리:   100행 | 성공:  26,548 / 실패:  5,252 | 누적:   31,800/45,631 | 경과:  4811.08초
2026-07-02 17:34:00 [INFO] 청크  319 완료 | 처리:   100행 | 성공:  26,628 / 실패:  5,272 | 누적:   31,900/45,631 | 경과:  4826.93초
2026-07-02 17:34:15 [INFO] 청크  320 완료 | 처리:   100행 | 성공:  26,710 / 실패:  5,290 | 누적:   32,000/45,631 | 경과:  4841.25초
2026-07-02 17:34:30 [INFO] 청크  321 완료 | 처리:   100행 | 성공:  26,791 / 실패:  5,309 | 누적:   32,100/45,631 | 경과:  4856.60초
2026-07-02 17:34:48 [INFO] 청크  322 완료 | 처리:   100행 | 성공:  26,872 / 실패:  5,328 | 누적:   32,200/45,631 | 경과:  4874.19초
2026-07-02 17:35:04 [INFO] 청크  323 완료 | 처리:   100행 | 성공:  26,956 / 실패:  5,344 | 누적:   32,300/45,631 | 경과:  4890.33초
2026-07-02 17:35:19 [INFO] 청크  324 완료 | 처리:   100행 | 성공:  27,040 / 실패:  5,360 | 누적:   32,400/45,631 | 경과:  4905.10초
2026-07-02 17:35:34 [INFO] 청크  325 완료 | 처리:   100행 | 성공:  27,126 / 실패:  5,374 | 누적:   32,500/45,631 | 경과:  4920.41초
2026-07-02 17:35:48 [INFO] 청크  326 완료 | 처리:   100행 | 성공:  27,205 / 실패:  5,395 | 누적:   32,600/45,631 | 경과:  4934.27초
2026-07-02 17:36:02 [INFO] 청크  327 완료 | 처리:   100행 | 성공:  27,286 / 실패:  5,414 | 누적:   32,700/45,631 | 경과:  4948.77초
2026-07-02 17:36:18 [INFO] 청크  328 완료 | 처리:   100행 | 성공:  27,373 / 실패:  5,427 | 누적:   32,800/45,631 | 경과:  4964.92초
2026-07-02 17:36:34 [INFO] 청크  329 완료 | 처리:   100행 | 성공:  27,460 / 실패:  5,440 | 누적:   32,900/45,631 | 경과:  4980.16초
2026-07-02 17:36:49 [INFO] 청크  330 완료 | 처리:   100행 | 성공:  27,549 / 실패:  5,451 | 누적:   33,000/45,631 | 경과:  4995.68초
2026-07-02 17:37:03 [INFO] 청크  331 완료 | 처리:   100행 | 성공:  27,631 / 실패:  5,469 | 누적:   33,100/45,631 | 경과:  5009.82초
2026-07-02 17:37:18 [INFO] 청크  332 완료 | 처리:   100행 | 성공:  27,714 / 실패:  5,486 | 누적:   33,200/45,631 | 경과:  5024.85초
2026-07-02 17:37:33 [INFO] 청크  333 완료 | 처리:   100행 | 성공:  27,797 / 실패:  5,503 | 누적:   33,300/45,631 | 경과:  5039.27초
2026-07-02 17:37:48 [INFO] 청크  334 완료 | 처리:   100행 | 성공:  27,876 / 실패:  5,524 | 누적:   33,400/45,631 | 경과:  5054.11초
2026-07-02 17:38:04 [INFO] 청크  335 완료 | 처리:   100행 | 성공:  27,959 / 실패:  5,541 | 누적:   33,500/45,631 | 경과:  5070.85초
2026-07-02 17:38:19 [INFO] 청크  336 완료 | 처리:   100행 | 성공:  28,038 / 실패:  5,562 | 누적:   33,600/45,631 | 경과:  5085.20초
2026-07-02 17:38:33 [INFO] 청크  337 완료 | 처리:   100행 | 성공:  28,122 / 실패:  5,578 | 누적:   33,700/45,631 | 경과:  5099.91초
2026-07-02 17:38:49 [INFO] 청크  338 완료 | 처리:   100행 | 성공:  28,209 / 실패:  5,591 | 누적:   33,800/45,631 | 경과:  5115.24초
2026-07-02 17:39:03 [INFO] 청크  339 완료 | 처리:   100행 | 성공:  28,291 / 실패:  5,609 | 누적:   33,900/45,631 | 경과:  5129.53초
2026-07-02 17:39:18 [INFO] 청크  340 완료 | 처리:   100행 | 성공:  28,374 / 실패:  5,626 | 누적:   34,000/45,631 | 경과:  5144.21초
2026-07-02 17:39:35 [INFO] 청크  341 완료 | 처리:   100행 | 성공:  28,464 / 실패:  5,636 | 누적:   34,100/45,631 | 경과:  5161.28초
2026-07-02 17:39:49 [INFO] 청크  342 완료 | 처리:   100행 | 성공:  28,540 / 실패:  5,660 | 누적:   34,200/45,631 | 경과:  5175.52초
2026-07-02 17:40:04 [INFO] 청크  343 완료 | 처리:   100행 | 성공:  28,623 / 실패:  5,677 | 누적:   34,300/45,631 | 경과:  5190.93초
2026-07-02 17:40:22 [INFO] 청크  344 완료 | 처리:   100행 | 성공:  28,709 / 실패:  5,691 | 누적:   34,400/45,631 | 경과:  5208.22초
2026-07-02 17:40:38 [INFO] 청크  345 완료 | 처리:   100행 | 성공:  28,802 / 실패:  5,698 | 누적:   34,500/45,631 | 경과:  5224.38초
2026-07-02 17:40:53 [INFO] 청크  346 완료 | 처리:   100행 | 성공:  28,888 / 실패:  5,712 | 누적:   34,600/45,631 | 경과:  5239.84초
2026-07-02 17:41:08 [INFO] 청크  347 완료 | 처리:   100행 | 성공:  28,975 / 실패:  5,725 | 누적:   34,700/45,631 | 경과:  5254.92초
2026-07-02 17:41:23 [INFO] 청크  348 완료 | 처리:   100행 | 성공:  29,056 / 실패:  5,744 | 누적:   34,800/45,631 | 경과:  5269.07초
2026-07-02 17:41:38 [INFO] 청크  349 완료 | 처리:   100행 | 성공:  29,143 / 실패:  5,757 | 누적:   34,900/45,631 | 경과:  5284.02초
2026-07-02 17:41:53 [INFO] 청크  350 완료 | 처리:   100행 | 성공:  29,229 / 실패:  5,771 | 누적:   35,000/45,631 | 경과:  5298.99초
2026-07-02 17:42:08 [INFO] 청크  351 완료 | 처리:   100행 | 성공:  29,311 / 실패:  5,789 | 누적:   35,100/45,631 | 경과:  5314.60초
2026-07-02 17:42:23 [INFO] 청크  352 완료 | 처리:   100행 | 성공:  29,396 / 실패:  5,804 | 누적:   35,200/45,631 | 경과:  5329.23초
2026-07-02 17:42:39 [INFO] 청크  353 완료 | 처리:   100행 | 성공:  29,474 / 실패:  5,826 | 누적:   35,300/45,631 | 경과:  5345.62초
2026-07-02 17:42:54 [INFO] 청크  354 완료 | 처리:   100행 | 성공:  29,558 / 실패:  5,842 | 누적:   35,400/45,631 | 경과:  5360.27초
2026-07-02 17:43:08 [INFO] 청크  355 완료 | 처리:   100행 | 성공:  29,641 / 실패:  5,859 | 누적:   35,500/45,631 | 경과:  5374.68초
2026-07-02 17:43:22 [INFO] 청크  356 완료 | 처리:   100행 | 성공:  29,717 / 실패:  5,883 | 누적:   35,600/45,631 | 경과:  5388.63초
2026-07-02 17:43:36 [INFO] 청크  357 완료 | 처리:   100행 | 성공:  29,795 / 실패:  5,905 | 누적:   35,700/45,631 | 경과:  5402.05초
2026-07-02 17:43:50 [INFO] 청크  358 완료 | 처리:   100행 | 성공:  29,879 / 실패:  5,921 | 누적:   35,800/45,631 | 경과:  5416.47초
2026-07-02 17:44:04 [INFO] 청크  359 완료 | 처리:   100행 | 성공:  29,962 / 실패:  5,938 | 누적:   35,900/45,631 | 경과:  5430.88초
2026-07-02 17:44:19 [INFO] 청크  360 완료 | 처리:   100행 | 성공:  30,039 / 실패:  5,961 | 누적:   36,000/45,631 | 경과:  5445.28초
2026-07-02 17:44:35 [INFO] 청크  361 완료 | 처리:   100행 | 성공:  30,122 / 실패:  5,978 | 누적:   36,100/45,631 | 경과:  5461.54초
2026-07-02 17:44:50 [INFO] 청크  362 완료 | 처리:   100행 | 성공:  30,206 / 실패:  5,994 | 누적:   36,200/45,631 | 경과:  5476.23초
2026-07-02 17:45:06 [INFO] 청크  363 완료 | 처리:   100행 | 성공:  30,291 / 실패:  6,009 | 누적:   36,300/45,631 | 경과:  5492.27초
2026-07-02 17:45:22 [INFO] 청크  364 완료 | 처리:   100행 | 성공:  30,378 / 실패:  6,022 | 누적:   36,400/45,631 | 경과:  5508.49초
2026-07-02 17:45:36 [INFO] 청크  365 완료 | 처리:   100행 | 성공:  30,459 / 실패:  6,041 | 누적:   36,500/45,631 | 경과:  5522.75초
2026-07-02 17:45:54 [INFO] 청크  366 완료 | 처리:   100행 | 성공:  30,542 / 실패:  6,058 | 누적:   36,600/45,631 | 경과:  5540.00초
2026-07-02 17:46:09 [INFO] 청크  367 완료 | 처리:   100행 | 성공:  30,628 / 실패:  6,072 | 누적:   36,700/45,631 | 경과:  5555.51초
2026-07-02 17:46:25 [INFO] 청크  368 완료 | 처리:   100행 | 성공:  30,717 / 실패:  6,083 | 누적:   36,800/45,631 | 경과:  5571.58초
2026-07-02 17:46:40 [INFO] 청크  369 완료 | 처리:   100행 | 성공:  30,800 / 실패:  6,100 | 누적:   36,900/45,631 | 경과:  5586.18초
2026-07-02 17:46:55 [INFO] 청크  370 완료 | 처리:   100행 | 성공:  30,884 / 실패:  6,116 | 누적:   37,000/45,631 | 경과:  5601.86초
2026-07-02 17:47:09 [INFO] 청크  371 완료 | 처리:   100행 | 성공:  30,963 / 실패:  6,137 | 누적:   37,100/45,631 | 경과:  5615.89초
2026-07-02 17:47:22 [INFO] 청크  372 완료 | 처리:   100행 | 성공:  31,038 / 실패:  6,162 | 누적:   37,200/45,631 | 경과:  5628.89초
2026-07-02 17:47:36 [INFO] 청크  373 완료 | 처리:   100행 | 성공:  31,115 / 실패:  6,185 | 누적:   37,300/45,631 | 경과:  5642.20초
2026-07-02 17:47:50 [INFO] 청크  374 완료 | 처리:   100행 | 성공:  31,195 / 실패:  6,205 | 누적:   37,400/45,631 | 경과:  5656.83초
2026-07-02 17:48:06 [INFO] 청크  375 완료 | 처리:   100행 | 성공:  31,276 / 실패:  6,224 | 누적:   37,500/45,631 | 경과:  5672.07초
2026-07-02 17:48:21 [INFO] 청크  376 완료 | 처리:   100행 | 성공:  31,359 / 실패:  6,241 | 누적:   37,600/45,631 | 경과:  5687.67초
2026-07-02 17:48:37 [INFO] 청크  377 완료 | 처리:   100행 | 성공:  31,447 / 실패:  6,253 | 누적:   37,700/45,631 | 경과:  5703.80초
2026-07-02 17:48:53 [INFO] 청크  378 완료 | 처리:   100행 | 성공:  31,529 / 실패:  6,271 | 누적:   37,800/45,631 | 경과:  5719.86초
2026-07-02 17:49:08 [INFO] 청크  379 완료 | 처리:   100행 | 성공:  31,615 / 실패:  6,285 | 누적:   37,900/45,631 | 경과:  5734.84초
2026-07-02 17:49:23 [INFO] 청크  380 완료 | 처리:   100행 | 성공:  31,699 / 실패:  6,301 | 누적:   38,000/45,631 | 경과:  5749.45초
2026-07-02 17:49:38 [INFO] 청크  381 완료 | 처리:   100행 | 성공:  31,776 / 실패:  6,324 | 누적:   38,100/45,631 | 경과:  5764.17초
2026-07-02 17:49:53 [INFO] 청크  382 완료 | 처리:   100행 | 성공:  31,858 / 실패:  6,342 | 누적:   38,200/45,631 | 경과:  5779.33초
2026-07-02 17:50:08 [INFO] 청크  383 완료 | 처리:   100행 | 성공:  31,940 / 실패:  6,360 | 누적:   38,300/45,631 | 경과:  5794.16초
2026-07-02 17:50:23 [INFO] 청크  384 완료 | 처리:   100행 | 성공:  32,022 / 실패:  6,378 | 누적:   38,400/45,631 | 경과:  5809.13초
2026-07-02 17:50:37 [INFO] 청크  385 완료 | 처리:   100행 | 성공:  32,102 / 실패:  6,398 | 누적:   38,500/45,631 | 경과:  5823.54초
2026-07-02 17:50:52 [INFO] 청크  386 완료 | 처리:   100행 | 성공:  32,185 / 실패:  6,415 | 누적:   38,600/45,631 | 경과:  5838.39초
2026-07-02 17:51:05 [INFO] 청크  387 완료 | 처리:   100행 | 성공:  32,261 / 실패:  6,439 | 누적:   38,700/45,631 | 경과:  5851.70초
2026-07-02 17:51:19 [INFO] 청크  388 완료 | 처리:   100행 | 성공:  32,341 / 실패:  6,459 | 누적:   38,800/45,631 | 경과:  5865.62초
2026-07-02 17:51:36 [INFO] 청크  389 완료 | 처리:   100행 | 성공:  32,424 / 실패:  6,476 | 누적:   38,900/45,631 | 경과:  5882.30초
2026-07-02 17:51:50 [INFO] 청크  390 완료 | 처리:   100행 | 성공:  32,507 / 실패:  6,493 | 누적:   39,000/45,631 | 경과:  5896.73초
2026-07-02 17:52:05 [INFO] 청크  391 완료 | 처리:   100행 | 성공:  32,585 / 실패:  6,515 | 누적:   39,100/45,631 | 경과:  5911.01초
2026-07-02 17:52:19 [INFO] 청크  392 완료 | 처리:   100행 | 성공:  32,670 / 실패:  6,530 | 누적:   39,200/45,631 | 경과:  5925.44초
2026-07-02 17:52:34 [INFO] 청크  393 완료 | 처리:   100행 | 성공:  32,755 / 실패:  6,545 | 누적:   39,300/45,631 | 경과:  5940.28초
2026-07-02 17:52:49 [INFO] 청크  394 완료 | 처리:   100행 | 성공:  32,838 / 실패:  6,562 | 누적:   39,400/45,631 | 경과:  5955.66초
2026-07-02 17:53:05 [INFO] 청크  395 완료 | 처리:   100행 | 성공:  32,923 / 실패:  6,577 | 누적:   39,500/45,631 | 경과:  5971.17초
2026-07-02 17:53:20 [INFO] 청크  396 완료 | 처리:   100행 | 성공:  33,010 / 실패:  6,590 | 누적:   39,600/45,631 | 경과:  5986.39초
2026-07-02 17:53:35 [INFO] 청크  397 완료 | 처리:   100행 | 성공:  33,093 / 실패:  6,607 | 누적:   39,700/45,631 | 경과:  6001.61초
2026-07-02 17:53:49 [INFO] 청크  398 완료 | 처리:   100행 | 성공:  33,174 / 실패:  6,626 | 누적:   39,800/45,631 | 경과:  6015.74초
2026-07-02 17:54:05 [INFO] 청크  399 완료 | 처리:   100행 | 성공:  33,263 / 실패:  6,637 | 누적:   39,900/45,631 | 경과:  6031.46초
2026-07-02 17:54:20 [INFO] 청크  400 완료 | 처리:   100행 | 성공:  33,349 / 실패:  6,651 | 누적:   40,000/45,631 | 경과:  6046.67초
2026-07-02 17:54:34 [INFO] 청크  401 완료 | 처리:   100행 | 성공:  33,431 / 실패:  6,669 | 누적:   40,100/45,631 | 경과:  6060.64초
2026-07-02 17:54:48 [INFO] 청크  402 완료 | 처리:   100행 | 성공:  33,508 / 실패:  6,692 | 누적:   40,200/45,631 | 경과:  6074.11초
2026-07-02 17:55:04 [INFO] 청크  403 완료 | 처리:   100행 | 성공:  33,597 / 실패:  6,703 | 누적:   40,300/45,631 | 경과:  6090.65초
2026-07-02 17:55:18 [INFO] 청크  404 완료 | 처리:   100행 | 성공:  33,675 / 실패:  6,725 | 누적:   40,400/45,631 | 경과:  6104.16초
2026-07-02 17:55:32 [INFO] 청크  405 완료 | 처리:   100행 | 성공:  33,759 / 실패:  6,741 | 누적:   40,500/45,631 | 경과:  6118.72초
2026-07-02 17:55:48 [INFO] 청크  406 완료 | 처리:   100행 | 성공:  33,850 / 실패:  6,750 | 누적:   40,600/45,631 | 경과:  6134.44초
2026-07-02 17:56:02 [INFO] 청크  407 완료 | 처리:   100행 | 성공:  33,931 / 실패:  6,769 | 누적:   40,700/45,631 | 경과:  6148.69초
2026-07-02 17:56:18 [INFO] 청크  408 완료 | 처리:   100행 | 성공:  34,014 / 실패:  6,786 | 누적:   40,800/45,631 | 경과:  6164.06초
2026-07-02 17:56:32 [INFO] 청크  409 완료 | 처리:   100행 | 성공:  34,094 / 실패:  6,806 | 누적:   40,900/45,631 | 경과:  6177.97초
2026-07-02 17:56:45 [INFO] 청크  410 완료 | 처리:   100행 | 성공:  34,175 / 실패:  6,825 | 누적:   41,000/45,631 | 경과:  6191.84초
2026-07-02 17:57:03 [INFO] 청크  411 완료 | 처리:   100행 | 성공:  34,260 / 실패:  6,840 | 누적:   41,100/45,631 | 경과:  6209.48초
2026-07-02 17:57:18 [INFO] 청크  412 완료 | 처리:   100행 | 성공:  34,344 / 실패:  6,856 | 누적:   41,200/45,631 | 경과:  6224.03초
2026-07-02 17:57:33 [INFO] 청크  413 완료 | 처리:   100행 | 성공:  34,433 / 실패:  6,867 | 누적:   41,300/45,631 | 경과:  6239.86초
2026-07-02 17:57:48 [INFO] 청크  414 완료 | 처리:   100행 | 성공:  34,514 / 실패:  6,886 | 누적:   41,400/45,631 | 경과:  6254.54초
2026-07-02 17:58:03 [INFO] 청크  415 완료 | 처리:   100행 | 성공:  34,599 / 실패:  6,901 | 누적:   41,500/45,631 | 경과:  6269.23초
2026-07-02 17:58:17 [INFO] 청크  416 완료 | 처리:   100행 | 성공:  34,681 / 실패:  6,919 | 누적:   41,600/45,631 | 경과:  6283.49초
2026-07-02 17:58:32 [INFO] 청크  417 완료 | 처리:   100행 | 성공:  34,769 / 실패:  6,931 | 누적:   41,700/45,631 | 경과:  6298.78초
2026-07-02 17:58:47 [INFO] 청크  418 완료 | 처리:   100행 | 성공:  34,855 / 실패:  6,945 | 누적:   41,800/45,631 | 경과:  6313.91초
2026-07-02 17:59:02 [INFO] 청크  419 완료 | 처리:   100행 | 성공:  34,936 / 실패:  6,964 | 누적:   41,900/45,631 | 경과:  6328.12초
2026-07-02 17:59:18 [INFO] 청크  420 완료 | 처리:   100행 | 성공:  35,022 / 실패:  6,978 | 누적:   42,000/45,631 | 경과:  6344.12초
2026-07-02 17:59:33 [INFO] 청크  421 완료 | 처리:   100행 | 성공:  35,109 / 실패:  6,991 | 누적:   42,100/45,631 | 경과:  6359.36초
2026-07-02 17:59:48 [INFO] 청크  422 완료 | 처리:   100행 | 성공:  35,194 / 실패:  7,006 | 누적:   42,200/45,631 | 경과:  6374.21초
2026-07-02 18:00:02 [INFO] 청크  423 완료 | 처리:   100행 | 성공:  35,279 / 실패:  7,021 | 누적:   42,300/45,631 | 경과:  6388.64초
2026-07-02 18:00:17 [INFO] 청크  424 완료 | 처리:   100행 | 성공:  35,360 / 실패:  7,040 | 누적:   42,400/45,631 | 경과:  6403.40초
2026-07-02 18:00:32 [INFO] 청크  425 완료 | 처리:   100행 | 성공:  35,444 / 실패:  7,056 | 누적:   42,500/45,631 | 경과:  6418.44초
2026-07-02 18:00:46 [INFO] 청크  426 완료 | 처리:   100행 | 성공:  35,526 / 실패:  7,074 | 누적:   42,600/45,631 | 경과:  6432.92초
2026-07-02 18:01:02 [INFO] 청크  427 완료 | 처리:   100행 | 성공:  35,613 / 실패:  7,087 | 누적:   42,700/45,631 | 경과:  6448.18초
2026-07-02 18:01:18 [INFO] 청크  428 완료 | 처리:   100행 | 성공:  35,702 / 실패:  7,098 | 누적:   42,800/45,631 | 경과:  6464.05초
2026-07-02 18:01:33 [INFO] 청크  429 완료 | 처리:   100행 | 성공:  35,786 / 실패:  7,114 | 누적:   42,900/45,631 | 경과:  6479.36초
2026-07-02 18:01:47 [INFO] 청크  430 완료 | 처리:   100행 | 성공:  35,866 / 실패:  7,134 | 누적:   43,000/45,631 | 경과:  6493.25초
2026-07-02 18:02:00 [INFO] 청크  431 완료 | 처리:   100행 | 성공:  35,941 / 실패:  7,159 | 누적:   43,100/45,631 | 경과:  6506.26초
2026-07-02 18:02:14 [INFO] 청크  432 완료 | 처리:   100행 | 성공:  36,022 / 실패:  7,178 | 누적:   43,200/45,631 | 경과:  6520.45초
2026-07-02 18:02:29 [INFO] 청크  433 완료 | 처리:   100행 | 성공:  36,104 / 실패:  7,196 | 누적:   43,300/45,631 | 경과:  6535.57초
2026-07-02 18:02:46 [INFO] 청크  434 완료 | 처리:   100행 | 성공:  36,185 / 실패:  7,215 | 누적:   43,400/45,631 | 경과:  6551.95초
2026-07-02 18:03:01 [INFO] 청크  435 완료 | 처리:   100행 | 성공:  36,272 / 실패:  7,228 | 누적:   43,500/45,631 | 경과:  6567.41초
2026-07-02 18:03:21 [INFO] 청크  436 완료 | 처리:   100행 | 성공:  36,357 / 실패:  7,243 | 누적:   43,600/45,631 | 경과:  6587.83초
2026-07-02 18:03:37 [INFO] 청크  437 완료 | 처리:   100행 | 성공:  36,440 / 실패:  7,260 | 누적:   43,700/45,631 | 경과:  6603.79초
2026-07-02 18:03:52 [INFO] 청크  438 완료 | 처리:   100행 | 성공:  36,522 / 실패:  7,278 | 누적:   43,800/45,631 | 경과:  6618.13초
2026-07-02 18:04:07 [INFO] 청크  439 완료 | 처리:   100행 | 성공:  36,602 / 실패:  7,298 | 누적:   43,900/45,631 | 경과:  6632.96초
2026-07-02 18:04:21 [INFO] 청크  440 완료 | 처리:   100행 | 성공:  36,682 / 실패:  7,318 | 누적:   44,000/45,631 | 경과:  6646.99초
2026-07-02 18:04:34 [INFO] 청크  441 완료 | 처리:   100행 | 성공:  36,759 / 실패:  7,341 | 누적:   44,100/45,631 | 경과:  6660.83초
2026-07-02 18:04:49 [INFO] 청크  442 완료 | 처리:   100행 | 성공:  36,843 / 실패:  7,357 | 누적:   44,200/45,631 | 경과:  6675.24초
2026-07-02 18:05:04 [INFO] 청크  443 완료 | 처리:   100행 | 성공:  36,925 / 실패:  7,375 | 누적:   44,300/45,631 | 경과:  6690.12초
2026-07-02 18:05:18 [INFO] 청크  444 완료 | 처리:   100행 | 성공:  37,009 / 실패:  7,391 | 누적:   44,400/45,631 | 경과:  6704.55초
2026-07-02 18:05:33 [INFO] 청크  445 완료 | 처리:   100행 | 성공:  37,093 / 실패:  7,407 | 누적:   44,500/45,631 | 경과:  6719.66초
2026-07-02 18:05:49 [INFO] 청크  446 완료 | 처리:   100행 | 성공:  37,179 / 실패:  7,421 | 누적:   44,600/45,631 | 경과:  6735.52초
2026-07-02 18:06:05 [INFO] 청크  447 완료 | 처리:   100행 | 성공:  37,261 / 실패:  7,439 | 누적:   44,700/45,631 | 경과:  6751.10초
2026-07-02 18:06:18 [INFO] 청크  448 완료 | 처리:   100행 | 성공:  37,339 / 실패:  7,461 | 누적:   44,800/45,631 | 경과:  6764.69초
2026-07-02 18:06:33 [INFO] 청크  449 완료 | 처리:   100행 | 성공:  37,426 / 실패:  7,474 | 누적:   44,900/45,631 | 경과:  6779.68초
2026-07-02 18:06:49 [INFO] 청크  450 완료 | 처리:   100행 | 성공:  37,508 / 실패:  7,492 | 누적:   45,000/45,631 | 경과:  6795.91초
2026-07-02 18:07:04 [INFO] 청크  451 완료 | 처리:   100행 | 성공:  37,588 / 실패:  7,512 | 누적:   45,100/45,631 | 경과:  6810.12초
2026-07-02 18:07:18 [INFO] 청크  452 완료 | 처리:   100행 | 성공:  37,667 / 실패:  7,533 | 누적:   45,200/45,631 | 경과:  6824.01초
2026-07-02 18:07:32 [INFO] 청크  453 완료 | 처리:   100행 | 성공:  37,748 / 실패:  7,552 | 누적:   45,300/45,631 | 경과:  6838.39초
2026-07-02 18:07:48 [INFO] 청크  454 완료 | 처리:   100행 | 성공:  37,830 / 실패:  7,570 | 누적:   45,400/45,631 | 경과:  6854.49초
2026-07-02 18:08:03 [INFO] 청크  455 완료 | 처리:   100행 | 성공:  37,912 / 실패:  7,588 | 누적:   45,500/45,631 | 경과:  6869.42초
2026-07-02 18:08:20 [INFO] 청크  456 완료 | 처리:   100행 | 성공:  37,998 / 실패:  7,602 | 누적:   45,600/45,631 | 경과:  6886.28초
2026-07-02 18:08:25 [INFO] 청크  457 완료 | 처리:    31행 | 성공:  38,024 / 실패:  7,607 | 누적:   45,631/45,631 | 경과:  6891.02초
2026-07-02 18:08:25 [INFO] 완료 — 총 45,631행 처리 | 성공: 38,024 / 실패(-2): 7,607 | 총 소요 시간: 6891.16초
